../Core/Src/hw_interface.cpp:10:1:hw::hw()	200	static
../Core/Src/hw_interface.cpp:39:6:void hw::saveCalibratedValues()	24	static
../Core/Src/hw_interface.cpp:48:6:void hw::loadCalibratedValues()	24	static
../Core/Src/hw_interface.cpp:76:7:float hw::readVoltageFiltered()	24	static
../Core/Src/hw_interface.cpp:100:7:float hw::readW()	16	static
../Core/Src/hw_interface.cpp:106:7:float hw::readC()	48	static
../Core/Src/hw_interface.cpp:133:7:float hw::readCFiltered()	32	static
../Core/Src/hw_interface.cpp:146:6:void hw::setGateVoltage(int)	16	static
../Core/Src/hw_interface.cpp:151:6:void hw::setC(float)	48	static
../Core/Src/hw_interface.cpp:176:6:void hw::calC(int)	24	static
../Core/Src/hw_interface.cpp:191:6:void hw::setKp(double)	24	static
../Core/Src/hw_interface.cpp:196:6:void hw::setKi(double)	24	static
../Core/Src/hw_interface.cpp:201:6:void hw::setKd(double)	24	static
../Core/Src/hw_interface.cpp:206:8:double hw::getKp()	16	static
../Core/Src/hw_interface.cpp:211:8:double hw::getKi()	16	static
../Core/Src/hw_interface.cpp:216:8:double hw::getKd()	16	static
