../Core/Src/menu2.cpp:13:1:Menu::Menu()	24	static
../Core/Src/menu2.cpp:30:6:void Menu::run()	16	static
../Core/Src/menu2.cpp:68:6:void Menu::update(bool)	16	static
../Core/Src/menu2.cpp:77:6:void Menu::ModeSel()	24	static
../Core/Src/menu2.cpp:155:6:void Menu::CC_Mode()	88	static
../Core/Src/menu2.cpp:347:6:void Menu::CR_Mode()	88	static
../Core/Src/menu2.cpp:536:6:void Menu::CP_Mode()	80	static
../Core/Src/menu2.cpp:727:6:void Menu::TRANS_Mode()	16	static
../Core/Src/menu2.cpp:733:6:void Menu::CAL_Mode()	24	static
../Core/Src/menu2.cpp:787:6:void Menu::cCal_Mode()	16	static
../Core/Src/menu2.cpp:803:6:void Menu::vCal_Mode()	16	static
../Core/Src/menu2.cpp:809:6:void Menu::pidCal_Mode()	16	static
../Core/Src/menu2.cpp:815:6:bool Menu::selecting()	16	static
../Core/Src/menu2.cpp:851:6:void Menu::updateHardware()	32	static
../Core/Src/menu2.cpp:879:6:void Menu::setState(STATES)	16	static
../Core/Src/menu2.cpp:886:6:void Menu::SETC(double)	24	static
../Core/Src/menu2.cpp:894:6:void Menu::SETR(double)	24	static
../Core/Src/menu2.cpp:902:6:void Menu::SETP(double)	24	static
../Core/Src/menu2.cpp:910:6:void Menu::toggleGate()	16	static
