16:49:48 **** Incremental Build of configuration Debug for project eload ****
make -j16 all 
arm-none-eabi-g++ "../Core/Src/usbCom.cpp" -mcpu=cortex-m4 -std=gnu++14 -g3 -DDEBUG -DUSE_HAL_DRIVER -DSTM32F401xE -c -I../Core/Inc -I../Drivers/STM32F4xx_HAL_Driver/Inc -I../Drivers/STM32F4xx_HAL_Driver/Inc/Legacy -I../Drivers/CMSIS/Device/ST/STM32F4xx/Include -I../Drivers/CMSIS/Include -I../USB_DEVICE/App -I../USB_DEVICE/Target -I../Middlewares/ST/STM32_USB_Device_Library/Core/Inc -I../Middlewares/ST/STM32_USB_Device_Library/Class/CDC/Inc -O0 -ffunction-sections -fdata-sections -fno-rtti -fno-use-cxa-atexit -Wall -fstack-usage -fcyclomatic-complexity -MMD -MP -MF"Core/Src/usbCom.d" -MT"Core/Src/usbCom.o" --specs=nano.specs -mfpu=fpv4-sp-d16 -mfloat-abi=hard -mthumb -o "Core/Src/usbCom.o"
In file included from ../Core/Inc/hw_interface.h:11,
                 from ../Core/Inc/menu2.h:13,
                 from ../Core/Inc/usbCom.h:19,
                 from ../Core/Src/usbCom.cpp:9:
../Core/Inc/pid.h:93: warning: ignoring '#pragma diag_suppress ' [-Wunknown-pragmas]
   93 |         #pragma diag_suppress 177     /* Disable 'unused function' warning */
      | 
arm-none-eabi-g++ -o "eload.elf" @"objects.list"   -mcpu=cortex-m4 -T"D:\Projects\electronic_load\code\eload\STM32F401VDTX_FLASH.ld" --specs=nosys.specs -Wl,-Map="eload.map" -Wl,--gc-sections -static --specs=nano.specs -mfpu=fpv4-sp-d16 -mfloat-abi=hard -mthumb -u _printf_float -u _scanf_float -Wl,--start-group -lc -lm -lstdc++ -lsupc++ -Wl,--end-group
Finished building target: eload.elf
 
arm-none-eabi-size  eload.elf 
arm-none-eabi-objdump -h -S eload.elf  > "eload.list"
   text	   data	    bss	    dec	    hex	filename
 236404	   1108	  15560	 253072	  3dc90	eload.elf
Finished building: default.size.stdout
 
Finished building: eload.list
 
16:50:22 **** Incremental Build of configuration Debug for project eload ****
make -j16 all 
arm-none-eabi-g++ "../Core/Src/usbCom.cpp" -mcpu=cortex-m4 -std=gnu++14 -g3 -DDEBUG -DUSE_HAL_DRIVER -DSTM32F401xE -c -I../Core/Inc -I../Drivers/STM32F4xx_HAL_Driver/Inc -I../Drivers/STM32F4xx_HAL_Driver/Inc/Legacy -I../Drivers/CMSIS/Device/ST/STM32F4xx/Include -I../Drivers/CMSIS/Include -I../USB_DEVICE/App -I../USB_DEVICE/Target -I../Middlewares/ST/STM32_USB_Device_Library/Core/Inc -I../Middlewares/ST/STM32_USB_Device_Library/Class/CDC/Inc -O0 -ffunction-sections -fdata-sections -fno-rtti -fno-use-cxa-atexit -Wall -fstack-usage -fcyclomatic-complexity -MMD -MP -MF"Core/Src/usbCom.d" -MT"Core/Src/usbCom.o" --specs=nano.specs -mfpu=fpv4-sp-d16 -mfloat-abi=hard -mthumb -o "Core/Src/usbCom.o"
In file included from ../Core/Inc/hw_interface.h:11,
                 from ../Core/Inc/menu2.h:13,
                 from ../Core/Inc/usbCom.h:19,
                 from ../Core/Src/usbCom.cpp:9:
../Core/Inc/pid.h:93: warning: ignoring '#pragma diag_suppress ' [-Wunknown-pragmas]
   93 |         #pragma diag_suppress 177     /* Disable 'unused function' warning */
      | 
arm-none-eabi-g++ -o "eload.elf" @"objects.list"   -mcpu=cortex-m4 -T"D:\Projects\electronic_load\code\eload\STM32F401VDTX_FLASH.ld" --specs=nosys.specs -Wl,-Map="eload.map" -Wl,--gc-sections -static --specs=nano.specs -mfpu=fpv4-sp-d16 -mfloat-abi=hard -mthumb -u _printf_float -u _scanf_float -Wl,--start-group -lc -lm -lstdc++ -lsupc++ -Wl,--end-group
Finished building target: eload.elf
 
arm-none-eabi-size  eload.elf 
arm-none-eabi-objdump -h -S eload.elf  > "eload.list"
   text	   data	    bss	    dec	    hex	filename
 236404	   1108	  15560	 253072	  3dc90	eload.elf
Finished building: default.size.stdout
 
Finished building: eload.list
 
17:10:19 **** Incremental Build of configuration Debug for project eload ****
make -j16 all 
arm-none-eabi-g++ "../Core/Src/usbCom.cpp" -mcpu=cortex-m4 -std=gnu++14 -g3 -DDEBUG -DUSE_HAL_DRIVER -DSTM32F401xE -c -I../Core/Inc -I../Drivers/STM32F4xx_HAL_Driver/Inc -I../Drivers/STM32F4xx_HAL_Driver/Inc/Legacy -I../Drivers/CMSIS/Device/ST/STM32F4xx/Include -I../Drivers/CMSIS/Include -I../USB_DEVICE/App -I../USB_DEVICE/Target -I../Middlewares/ST/STM32_USB_Device_Library/Core/Inc -I../Middlewares/ST/STM32_USB_Device_Library/Class/CDC/Inc -O0 -ffunction-sections -fdata-sections -fno-rtti -fno-use-cxa-atexit -Wall -fstack-usage -fcyclomatic-complexity -MMD -MP -MF"Core/Src/usbCom.d" -MT"Core/Src/usbCom.o" --specs=nano.specs -mfpu=fpv4-sp-d16 -mfloat-abi=hard -mthumb -o "Core/Src/usbCom.o"
In file included from ../Core/Inc/hw_interface.h:11,
                 from ../Core/Inc/menu2.h:13,
                 from ../Core/Inc/usbCom.h:19,
                 from ../Core/Src/usbCom.cpp:9:
../Core/Inc/pid.h:93: warning: ignoring '#pragma diag_suppress ' [-Wunknown-pragmas]
   93 |         #pragma diag_suppress 177     /* Disable 'unused function' warning */
      | 
arm-none-eabi-g++ -o "eload.elf" @"objects.list"   -mcpu=cortex-m4 -T"D:\Projects\electronic_load\code\eload\STM32F401VDTX_FLASH.ld" --specs=nosys.specs -Wl,-Map="eload.map" -Wl,--gc-sections -static --specs=nano.specs -mfpu=fpv4-sp-d16 -mfloat-abi=hard -mthumb -u _printf_float -u _scanf_float -Wl,--start-group -lc -lm -lstdc++ -lsupc++ -Wl,--end-group
Finished building target: eload.elf
 
arm-none-eabi-size  eload.elf 
arm-none-eabi-objdump -h -S eload.elf  > "eload.list"
   text	   data	    bss	    dec	    hex	filename
 236420	   1108	  15560	 253088	  3dca0	eload.elf
Finished building: default.size.stdout
 
Finished building: eload.list
 
17:11:31 **** Incremental Build of configuration Debug for project eload ****
make -j16 all 
arm-none-eabi-g++ "../Core/Src/usbCom.cpp" -mcpu=cortex-m4 -std=gnu++14 -g3 -DDEBUG -DUSE_HAL_DRIVER -DSTM32F401xE -c -I../Core/Inc -I../Drivers/STM32F4xx_HAL_Driver/Inc -I../Drivers/STM32F4xx_HAL_Driver/Inc/Legacy -I../Drivers/CMSIS/Device/ST/STM32F4xx/Include -I../Drivers/CMSIS/Include -I../USB_DEVICE/App -I../USB_DEVICE/Target -I../Middlewares/ST/STM32_USB_Device_Library/Core/Inc -I../Middlewares/ST/STM32_USB_Device_Library/Class/CDC/Inc -O0 -ffunction-sections -fdata-sections -fno-rtti -fno-use-cxa-atexit -Wall -fstack-usage -fcyclomatic-complexity -MMD -MP -MF"Core/Src/usbCom.d" -MT"Core/Src/usbCom.o" --specs=nano.specs -mfpu=fpv4-sp-d16 -mfloat-abi=hard -mthumb -o "Core/Src/usbCom.o"
In file included from ../Core/Inc/hw_interface.h:11,
                 from ../Core/Inc/menu2.h:13,
                 from ../Core/Inc/usbCom.h:19,
                 from ../Core/Src/usbCom.cpp:9:
../Core/Inc/pid.h:93: warning: ignoring '#pragma diag_suppress ' [-Wunknown-pragmas]
   93 |         #pragma diag_suppress 177     /* Disable 'unused function' warning */
      | 
arm-none-eabi-g++ -o "eload.elf" @"objects.list"   -mcpu=cortex-m4 -T"D:\Projects\electronic_load\code\eload\STM32F401VDTX_FLASH.ld" --specs=nosys.specs -Wl,-Map="eload.map" -Wl,--gc-sections -static --specs=nano.specs -mfpu=fpv4-sp-d16 -mfloat-abi=hard -mthumb -u _printf_float -u _scanf_float -Wl,--start-group -lc -lm -lstdc++ -lsupc++ -Wl,--end-group
Finished building target: eload.elf
 
arm-none-eabi-size  eload.elf 
arm-none-eabi-objdump -h -S eload.elf  > "eload.list"
   text	   data	    bss	    dec	    hex	filename
 236404	   1108	  15560	 253072	  3dc90	eload.elf
Finished building: default.size.stdout
 
Finished building: eload.list
 
17:14:10 **** Incremental Build of configuration Debug for project eload ****
make -j16 all 
arm-none-eabi-g++ "../Core/Src/usbCom.cpp" -mcpu=cortex-m4 -std=gnu++14 -g3 -DDEBUG -DUSE_HAL_DRIVER -DSTM32F401xE -c -I../Core/Inc -I../Drivers/STM32F4xx_HAL_Driver/Inc -I../Drivers/STM32F4xx_HAL_Driver/Inc/Legacy -I../Drivers/CMSIS/Device/ST/STM32F4xx/Include -I../Drivers/CMSIS/Include -I../USB_DEVICE/App -I../USB_DEVICE/Target -I../Middlewares/ST/STM32_USB_Device_Library/Core/Inc -I../Middlewares/ST/STM32_USB_Device_Library/Class/CDC/Inc -O0 -ffunction-sections -fdata-sections -fno-rtti -fno-use-cxa-atexit -Wall -fstack-usage -fcyclomatic-complexity -MMD -MP -MF"Core/Src/usbCom.d" -MT"Core/Src/usbCom.o" --specs=nano.specs -mfpu=fpv4-sp-d16 -mfloat-abi=hard -mthumb -o "Core/Src/usbCom.o"
In file included from ../Core/Inc/hw_interface.h:11,
                 from ../Core/Inc/menu2.h:13,
                 from ../Core/Inc/usbCom.h:19,
                 from ../Core/Src/usbCom.cpp:9:
../Core/Inc/pid.h:93: warning: ignoring '#pragma diag_suppress ' [-Wunknown-pragmas]
   93 |         #pragma diag_suppress 177     /* Disable 'unused function' warning */
      | 
arm-none-eabi-g++ -o "eload.elf" @"objects.list"   -mcpu=cortex-m4 -T"D:\Projects\electronic_load\code\eload\STM32F401VDTX_FLASH.ld" --specs=nosys.specs -Wl,-Map="eload.map" -Wl,--gc-sections -static --specs=nano.specs -mfpu=fpv4-sp-d16 -mfloat-abi=hard -mthumb -u _printf_float -u _scanf_float -Wl,--start-group -lc -lm -lstdc++ -lsupc++ -Wl,--end-group
Finished building target: eload.elf
 
arm-none-eabi-size  eload.elf 
arm-none-eabi-objdump -h -S eload.elf  > "eload.list"
   text	   data	    bss	    dec	    hex	filename
 236388	   1108	  15560	 253056	  3dc80	eload.elf
Finished building: default.size.stdout
 
Finished building: eload.list
 
17:16:09 **** Incremental Build of configuration Debug for project eload ****
make -j16 all 
arm-none-eabi-g++ "../Core/Src/usbCom.cpp" -mcpu=cortex-m4 -std=gnu++14 -g3 -DDEBUG -DUSE_HAL_DRIVER -DSTM32F401xE -c -I../Core/Inc -I../Drivers/STM32F4xx_HAL_Driver/Inc -I../Drivers/STM32F4xx_HAL_Driver/Inc/Legacy -I../Drivers/CMSIS/Device/ST/STM32F4xx/Include -I../Drivers/CMSIS/Include -I../USB_DEVICE/App -I../USB_DEVICE/Target -I../Middlewares/ST/STM32_USB_Device_Library/Core/Inc -I../Middlewares/ST/STM32_USB_Device_Library/Class/CDC/Inc -O0 -ffunction-sections -fdata-sections -fno-rtti -fno-use-cxa-atexit -Wall -fstack-usage -fcyclomatic-complexity -MMD -MP -MF"Core/Src/usbCom.d" -MT"Core/Src/usbCom.o" --specs=nano.specs -mfpu=fpv4-sp-d16 -mfloat-abi=hard -mthumb -o "Core/Src/usbCom.o"
In file included from ../Core/Inc/hw_interface.h:11,
                 from ../Core/Inc/menu2.h:13,
                 from ../Core/Inc/usbCom.h:19,
                 from ../Core/Src/usbCom.cpp:9:
../Core/Inc/pid.h:93: warning: ignoring '#pragma diag_suppress ' [-Wunknown-pragmas]
   93 |         #pragma diag_suppress 177     /* Disable 'unused function' warning */
      | 
arm-none-eabi-g++ -o "eload.elf" @"objects.list"   -mcpu=cortex-m4 -T"D:\Projects\electronic_load\code\eload\STM32F401VDTX_FLASH.ld" --specs=nosys.specs -Wl,-Map="eload.map" -Wl,--gc-sections -static --specs=nano.specs -mfpu=fpv4-sp-d16 -mfloat-abi=hard -mthumb -u _printf_float -u _scanf_float -Wl,--start-group -lc -lm -lstdc++ -lsupc++ -Wl,--end-group
Finished building target: eload.elf
 
arm-none-eabi-size  eload.elf 
arm-none-eabi-objdump -h -S eload.elf  > "eload.list"
   text	   data	    bss	    dec	    hex	filename
 236396	   1108	  15560	 253064	  3dc88	eload.elf
Finished building: default.size.stdout
 
Finished building: eload.list
 
17:23:59 **** Incremental Build of configuration Debug for project eload ****
make -j16 all 
arm-none-eabi-g++ "../Core/Src/usbCom.cpp" -mcpu=cortex-m4 -std=gnu++14 -g3 -DDEBUG -DUSE_HAL_DRIVER -DSTM32F401xE -c -I../Core/Inc -I../Drivers/STM32F4xx_HAL_Driver/Inc -I../Drivers/STM32F4xx_HAL_Driver/Inc/Legacy -I../Drivers/CMSIS/Device/ST/STM32F4xx/Include -I../Drivers/CMSIS/Include -I../USB_DEVICE/App -I../USB_DEVICE/Target -I../Middlewares/ST/STM32_USB_Device_Library/Core/Inc -I../Middlewares/ST/STM32_USB_Device_Library/Class/CDC/Inc -O0 -ffunction-sections -fdata-sections -fno-rtti -fno-use-cxa-atexit -Wall -fstack-usage -fcyclomatic-complexity -MMD -MP -MF"Core/Src/usbCom.d" -MT"Core/Src/usbCom.o" --specs=nano.specs -mfpu=fpv4-sp-d16 -mfloat-abi=hard -mthumb -o "Core/Src/usbCom.o"
In file included from ../Core/Inc/hw_interface.h:11,
                 from ../Core/Inc/menu2.h:13,
                 from ../Core/Inc/usbCom.h:19,
                 from ../Core/Src/usbCom.cpp:9:
../Core/Inc/pid.h:93: warning: ignoring '#pragma diag_suppress ' [-Wunknown-pragmas]
   93 |         #pragma diag_suppress 177     /* Disable 'unused function' warning */
      | 
arm-none-eabi-g++ -o "eload.elf" @"objects.list"   -mcpu=cortex-m4 -T"D:\Projects\electronic_load\code\eload\STM32F401VDTX_FLASH.ld" --specs=nosys.specs -Wl,-Map="eload.map" -Wl,--gc-sections -static --specs=nano.specs -mfpu=fpv4-sp-d16 -mfloat-abi=hard -mthumb -u _printf_float -u _scanf_float -Wl,--start-group -lc -lm -lstdc++ -lsupc++ -Wl,--end-group
Finished building target: eload.elf
 
arm-none-eabi-size  eload.elf 
arm-none-eabi-objdump -h -S eload.elf  > "eload.list"
   text	   data	    bss	    dec	    hex	filename
 236412	   1108	  15560	 253080	  3dc98	eload.elf
Finished building: default.size.stdout
 
Finished building: eload.list
 
17:26:44 **** Incremental Build of configuration Debug for project eload ****
make -j16 all 
arm-none-eabi-g++ "../Core/Src/usbCom.cpp" -mcpu=cortex-m4 -std=gnu++14 -g3 -DDEBUG -DUSE_HAL_DRIVER -DSTM32F401xE -c -I../Core/Inc -I../Drivers/STM32F4xx_HAL_Driver/Inc -I../Drivers/STM32F4xx_HAL_Driver/Inc/Legacy -I../Drivers/CMSIS/Device/ST/STM32F4xx/Include -I../Drivers/CMSIS/Include -I../USB_DEVICE/App -I../USB_DEVICE/Target -I../Middlewares/ST/STM32_USB_Device_Library/Core/Inc -I../Middlewares/ST/STM32_USB_Device_Library/Class/CDC/Inc -O0 -ffunction-sections -fdata-sections -fno-rtti -fno-use-cxa-atexit -Wall -fstack-usage -fcyclomatic-complexity -MMD -MP -MF"Core/Src/usbCom.d" -MT"Core/Src/usbCom.o" --specs=nano.specs -mfpu=fpv4-sp-d16 -mfloat-abi=hard -mthumb -o "Core/Src/usbCom.o"
In file included from ../Core/Inc/hw_interface.h:11,
                 from ../Core/Inc/menu2.h:13,
                 from ../Core/Inc/usbCom.h:19,
                 from ../Core/Src/usbCom.cpp:9:
../Core/Inc/pid.h:93: warning: ignoring '#pragma diag_suppress ' [-Wunknown-pragmas]
   93 |         #pragma diag_suppress 177     /* Disable 'unused function' warning */
      | 
arm-none-eabi-g++ -o "eload.elf" @"objects.list"   -mcpu=cortex-m4 -T"D:\Projects\electronic_load\code\eload\STM32F401VDTX_FLASH.ld" --specs=nosys.specs -Wl,-Map="eload.map" -Wl,--gc-sections -static --specs=nano.specs -mfpu=fpv4-sp-d16 -mfloat-abi=hard -mthumb -u _printf_float -u _scanf_float -Wl,--start-group -lc -lm -lstdc++ -lsupc++ -Wl,--end-group
Finished building target: eload.elf
 
arm-none-eabi-size  eload.elf 
arm-none-eabi-objdump -h -S eload.elf  > "eload.list"
   text	   data	    bss	    dec	    hex	filename
 236420	   1108	  15560	 253088	  3dca0	eload.elf
Finished building: default.size.stdout
 
Finished building: eload.list
 
17:29:15 **** Incremental Build of configuration Debug for project eload ****
make -j16 all 
arm-none-eabi-g++ "../Core/Src/usbCom.cpp" -mcpu=cortex-m4 -std=gnu++14 -g3 -DDEBUG -DUSE_HAL_DRIVER -DSTM32F401xE -c -I../Core/Inc -I../Drivers/STM32F4xx_HAL_Driver/Inc -I../Drivers/STM32F4xx_HAL_Driver/Inc/Legacy -I../Drivers/CMSIS/Device/ST/STM32F4xx/Include -I../Drivers/CMSIS/Include -I../USB_DEVICE/App -I../USB_DEVICE/Target -I../Middlewares/ST/STM32_USB_Device_Library/Core/Inc -I../Middlewares/ST/STM32_USB_Device_Library/Class/CDC/Inc -O0 -ffunction-sections -fdata-sections -fno-rtti -fno-use-cxa-atexit -Wall -fstack-usage -fcyclomatic-complexity -MMD -MP -MF"Core/Src/usbCom.d" -MT"Core/Src/usbCom.o" --specs=nano.specs -mfpu=fpv4-sp-d16 -mfloat-abi=hard -mthumb -o "Core/Src/usbCom.o"
In file included from ../Core/Inc/hw_interface.h:11,
                 from ../Core/Inc/menu2.h:13,
                 from ../Core/Inc/usbCom.h:19,
                 from ../Core/Src/usbCom.cpp:9:
../Core/Inc/pid.h:93: warning: ignoring '#pragma diag_suppress ' [-Wunknown-pragmas]
   93 |         #pragma diag_suppress 177     /* Disable 'unused function' warning */
      | 
arm-none-eabi-g++ -o "eload.elf" @"objects.list"   -mcpu=cortex-m4 -T"D:\Projects\electronic_load\code\eload\STM32F401VDTX_FLASH.ld" --specs=nosys.specs -Wl,-Map="eload.map" -Wl,--gc-sections -static --specs=nano.specs -mfpu=fpv4-sp-d16 -mfloat-abi=hard -mthumb -u _printf_float -u _scanf_float -Wl,--start-group -lc -lm -lstdc++ -lsupc++ -Wl,--end-group
Finished building target: eload.elf
 
arm-none-eabi-size  eload.elf 
arm-none-eabi-objdump -h -S eload.elf  > "eload.list"
   text	   data	    bss	    dec	    hex	filename
 236428	   1108	  15560	 253096	  3dca8	eload.elf
Finished building: default.size.stdout
 
Finished building: eload.list
 
17:30:28 **** Incremental Build of configuration Debug for project eload ****
make -j16 all 
arm-none-eabi-g++ "../Core/Src/usbCom.cpp" -mcpu=cortex-m4 -std=gnu++14 -g3 -DDEBUG -DUSE_HAL_DRIVER -DSTM32F401xE -c -I../Core/Inc -I../Drivers/STM32F4xx_HAL_Driver/Inc -I../Drivers/STM32F4xx_HAL_Driver/Inc/Legacy -I../Drivers/CMSIS/Device/ST/STM32F4xx/Include -I../Drivers/CMSIS/Include -I../USB_DEVICE/App -I../USB_DEVICE/Target -I../Middlewares/ST/STM32_USB_Device_Library/Core/Inc -I../Middlewares/ST/STM32_USB_Device_Library/Class/CDC/Inc -O0 -ffunction-sections -fdata-sections -fno-rtti -fno-use-cxa-atexit -Wall -fstack-usage -fcyclomatic-complexity -MMD -MP -MF"Core/Src/usbCom.d" -MT"Core/Src/usbCom.o" --specs=nano.specs -mfpu=fpv4-sp-d16 -mfloat-abi=hard -mthumb -o "Core/Src/usbCom.o"
In file included from ../Core/Inc/hw_interface.h:11,
                 from ../Core/Inc/menu2.h:13,
                 from ../Core/Inc/usbCom.h:19,
                 from ../Core/Src/usbCom.cpp:9:
../Core/Inc/pid.h:93: warning: ignoring '#pragma diag_suppress ' [-Wunknown-pragmas]
   93 |         #pragma diag_suppress 177     /* Disable 'unused function' warning */
      | 
arm-none-eabi-g++ -o "eload.elf" @"objects.list"   -mcpu=cortex-m4 -T"D:\Projects\electronic_load\code\eload\STM32F401VDTX_FLASH.ld" --specs=nosys.specs -Wl,-Map="eload.map" -Wl,--gc-sections -static --specs=nano.specs -mfpu=fpv4-sp-d16 -mfloat-abi=hard -mthumb -u _printf_float -u _scanf_float -Wl,--start-group -lc -lm -lstdc++ -lsupc++ -Wl,--end-group
Finished building target: eload.elf
 
arm-none-eabi-size  eload.elf 
arm-none-eabi-objdump -h -S eload.elf  > "eload.list"
   text	   data	    bss	    dec	    hex	filename
 236412	   1108	  15560	 253080	  3dc98	eload.elf
Finished building: default.size.stdout
 
Finished building: eload.list
 
14:32:26 **** Incremental Build of configuration Debug for project eload ****
make -j16 all 
arm-none-eabi-g++ "../Core/Src/FIRFilter.cpp" -mcpu=cortex-m4 -std=gnu++14 -g3 -DDEBUG -DUSE_HAL_DRIVER -DSTM32F401xE -c -I../Core/Inc -I../Drivers/STM32F4xx_HAL_Driver/Inc -I../Drivers/STM32F4xx_HAL_Driver/Inc/Legacy -I../Drivers/CMSIS/Device/ST/STM32F4xx/Include -I../Drivers/CMSIS/Include -I../USB_DEVICE/App -I../USB_DEVICE/Target -I../Middlewares/ST/STM32_USB_Device_Library/Core/Inc -I../Middlewares/ST/STM32_USB_Device_Library/Class/CDC/Inc -O0 -ffunction-sections -fdata-sections -fno-rtti -fno-use-cxa-atexit -Wall -fstack-usage -fcyclomatic-complexity -MMD -MP -MF"Core/Src/FIRFilter.d" -MT"Core/Src/FIRFilter.o" --specs=nano.specs -mfpu=fpv4-sp-d16 -mfloat-abi=hard -mthumb -o "Core/Src/FIRFilter.o"
arm-none-eabi-g++ "../Core/Src/flashMem.cpp" -mcpu=cortex-m4 -std=gnu++14 -g3 -DDEBUG -DUSE_HAL_DRIVER -DSTM32F401xE -c -I../Core/Inc -I../Drivers/STM32F4xx_HAL_Driver/Inc -I../Drivers/STM32F4xx_HAL_Driver/Inc/Legacy -I../Drivers/CMSIS/Device/ST/STM32F4xx/Include -I../Drivers/CMSIS/Include -I../USB_DEVICE/App -I../USB_DEVICE/Target -I../Middlewares/ST/STM32_USB_Device_Library/Core/Inc -I../Middlewares/ST/STM32_USB_Device_Library/Class/CDC/Inc -O0 -ffunction-sections -fdata-sections -fno-rtti -fno-use-cxa-atexit -Wall -fstack-usage -fcyclomatic-complexity -MMD -MP -MF"Core/Src/flashMem.d" -MT"Core/Src/flashMem.o" --specs=nano.specs -mfpu=fpv4-sp-d16 -mfloat-abi=hard -mthumb -o "Core/Src/flashMem.o"
arm-none-eabi-g++ "../Core/Src/hw_interface.cpp" -mcpu=cortex-m4 -std=gnu++14 -g3 -DDEBUG -DUSE_HAL_DRIVER -DSTM32F401xE -c -I../Core/Inc -I../Drivers/STM32F4xx_HAL_Driver/Inc -I../Drivers/STM32F4xx_HAL_Driver/Inc/Legacy -I../Drivers/CMSIS/Device/ST/STM32F4xx/Include -I../Drivers/CMSIS/Include -I../USB_DEVICE/App -I../USB_DEVICE/Target -I../Middlewares/ST/STM32_USB_Device_Library/Core/Inc -I../Middlewares/ST/STM32_USB_Device_Library/Class/CDC/Inc -O0 -ffunction-sections -fdata-sections -fno-rtti -fno-use-cxa-atexit -Wall -fstack-usage -fcyclomatic-complexity -MMD -MP -MF"Core/Src/hw_interface.d" -MT"Core/Src/hw_interface.o" --specs=nano.specs -mfpu=fpv4-sp-d16 -mfloat-abi=hard -mthumb -o "Core/Src/hw_interface.o"
arm-none-eabi-g++ "../Core/Src/liquidcrystal_i2c.cpp" -mcpu=cortex-m4 -std=gnu++14 -g3 -DDEBUG -DUSE_HAL_DRIVER -DSTM32F401xE -c -I../Core/Inc -I../Drivers/STM32F4xx_HAL_Driver/Inc -I../Drivers/STM32F4xx_HAL_Driver/Inc/Legacy -I../Drivers/CMSIS/Device/ST/STM32F4xx/Include -I../Drivers/CMSIS/Include -I../USB_DEVICE/App -I../USB_DEVICE/Target -I../Middlewares/ST/STM32_USB_Device_Library/Core/Inc -I../Middlewares/ST/STM32_USB_Device_Library/Class/CDC/Inc -O0 -ffunction-sections -fdata-sections -fno-rtti -fno-use-cxa-atexit -Wall -fstack-usage -fcyclomatic-complexity -MMD -MP -MF"Core/Src/liquidcrystal_i2c.d" -MT"Core/Src/liquidcrystal_i2c.o" --specs=nano.specs -mfpu=fpv4-sp-d16 -mfloat-abi=hard -mthumb -o "Core/Src/liquidcrystal_i2c.o"
arm-none-eabi-gcc "../Core/Src/main.c" -mcpu=cortex-m4 -std=gnu11 -g3 -DDEBUG -DUSE_HAL_DRIVER -DSTM32F401xE -c -I../Core/Inc -I../Drivers/STM32F4xx_HAL_Driver/Inc -I../Drivers/STM32F4xx_HAL_Driver/Inc/Legacy -I../Drivers/CMSIS/Device/ST/STM32F4xx/Include -I../Drivers/CMSIS/Include -I../USB_DEVICE/App -I../USB_DEVICE/Target -I../Middlewares/ST/STM32_USB_Device_Library/Core/Inc -I../Middlewares/ST/STM32_USB_Device_Library/Class/CDC/Inc -O0 -ffunction-sections -fdata-sections -Wall -fstack-usage -fcyclomatic-complexity -MMD -MP -MF"Core/Src/main.d" -MT"Core/Src/main.o" --specs=nano.specs -mfpu=fpv4-sp-d16 -mfloat-abi=hard -mthumb -o "Core/Src/main.o"
arm-none-eabi-g++ "../Core/Src/mcp330x.cpp" -mcpu=cortex-m4 -std=gnu++14 -g3 -DDEBUG -DUSE_HAL_DRIVER -DSTM32F401xE -c -I../Core/Inc -I../Drivers/STM32F4xx_HAL_Driver/Inc -I../Drivers/STM32F4xx_HAL_Driver/Inc/Legacy -I../Drivers/CMSIS/Device/ST/STM32F4xx/Include -I../Drivers/CMSIS/Include -I../USB_DEVICE/App -I../USB_DEVICE/Target -I../Middlewares/ST/STM32_USB_Device_Library/Core/Inc -I../Middlewares/ST/STM32_USB_Device_Library/Class/CDC/Inc -O0 -ffunction-sections -fdata-sections -fno-rtti -fno-use-cxa-atexit -Wall -fstack-usage -fcyclomatic-complexity -MMD -MP -MF"Core/Src/mcp330x.d" -MT"Core/Src/mcp330x.o" --specs=nano.specs -mfpu=fpv4-sp-d16 -mfloat-abi=hard -mthumb -o "Core/Src/mcp330x.o"
arm-none-eabi-g++ "../Core/Src/menu.cpp" -mcpu=cortex-m4 -std=gnu++14 -g3 -DDEBUG -DUSE_HAL_DRIVER -DSTM32F401xE -c -I../Core/Inc -I../Drivers/STM32F4xx_HAL_Driver/Inc -I../Drivers/STM32F4xx_HAL_Driver/Inc/Legacy -I../Drivers/CMSIS/Device/ST/STM32F4xx/Include -I../Drivers/CMSIS/Include -I../USB_DEVICE/App -I../USB_DEVICE/Target -I../Middlewares/ST/STM32_USB_Device_Library/Core/Inc -I../Middlewares/ST/STM32_USB_Device_Library/Class/CDC/Inc -O0 -ffunction-sections -fdata-sections -fno-rtti -fno-use-cxa-atexit -Wall -fstack-usage -fcyclomatic-complexity -MMD -MP -MF"Core/Src/menu.d" -MT"Core/Src/menu.o" --specs=nano.specs -mfpu=fpv4-sp-d16 -mfloat-abi=hard -mthumb -o "Core/Src/menu.o"
arm-none-eabi-g++ "../Core/Src/menu2.cpp" -mcpu=cortex-m4 -std=gnu++14 -g3 -DDEBUG -DUSE_HAL_DRIVER -DSTM32F401xE -c -I../Core/Inc -I../Drivers/STM32F4xx_HAL_Driver/Inc -I../Drivers/STM32F4xx_HAL_Driver/Inc/Legacy -I../Drivers/CMSIS/Device/ST/STM32F4xx/Include -I../Drivers/CMSIS/Include -I../USB_DEVICE/App -I../USB_DEVICE/Target -I../Middlewares/ST/STM32_USB_Device_Library/Core/Inc -I../Middlewares/ST/STM32_USB_Device_Library/Class/CDC/Inc -O0 -ffunction-sections -fdata-sections -fno-rtti -fno-use-cxa-atexit -Wall -fstack-usage -fcyclomatic-complexity -MMD -MP -MF"Core/Src/menu2.d" -MT"Core/Src/menu2.o" --specs=nano.specs -mfpu=fpv4-sp-d16 -mfloat-abi=hard -mthumb -o "Core/Src/menu2.o"
arm-none-eabi-g++ "../Core/Src/pid.cpp" -mcpu=cortex-m4 -std=gnu++14 -g3 -DDEBUG -DUSE_HAL_DRIVER -DSTM32F401xE -c -I../Core/Inc -I../Drivers/STM32F4xx_HAL_Driver/Inc -I../Drivers/STM32F4xx_HAL_Driver/Inc/Legacy -I../Drivers/CMSIS/Device/ST/STM32F4xx/Include -I../Drivers/CMSIS/Include -I../USB_DEVICE/App -I../USB_DEVICE/Target -I../Middlewares/ST/STM32_USB_Device_Library/Core/Inc -I../Middlewares/ST/STM32_USB_Device_Library/Class/CDC/Inc -O0 -ffunction-sections -fdata-sections -fno-rtti -fno-use-cxa-atexit -Wall -fstack-usage -fcyclomatic-complexity -MMD -MP -MF"Core/Src/pid.d" -MT"Core/Src/pid.o" --specs=nano.specs -mfpu=fpv4-sp-d16 -mfloat-abi=hard -mthumb -o "Core/Src/pid.o"
arm-none-eabi-g++ "../Core/Src/pidAutotune.cpp" -mcpu=cortex-m4 -std=gnu++14 -g3 -DDEBUG -DUSE_HAL_DRIVER -DSTM32F401xE -c -I../Core/Inc -I../Drivers/STM32F4xx_HAL_Driver/Inc -I../Drivers/STM32F4xx_HAL_Driver/Inc/Legacy -I../Drivers/CMSIS/Device/ST/STM32F4xx/Include -I../Drivers/CMSIS/Include -I../USB_DEVICE/App -I../USB_DEVICE/Target -I../Middlewares/ST/STM32_USB_Device_Library/Core/Inc -I../Middlewares/ST/STM32_USB_Device_Library/Class/CDC/Inc -O0 -ffunction-sections -fdata-sections -fno-rtti -fno-use-cxa-atexit -Wall -fstack-usage -fcyclomatic-complexity -MMD -MP -MF"Core/Src/pidAutotune.d" -MT"Core/Src/pidAutotune.o" --specs=nano.specs -mfpu=fpv4-sp-d16 -mfloat-abi=hard -mthumb -o "Core/Src/pidAutotune.o"
arm-none-eabi-gcc "../Core/Src/stm32f4xx_hal_msp.c" -mcpu=cortex-m4 -std=gnu11 -g3 -DDEBUG -DUSE_HAL_DRIVER -DSTM32F401xE -c -I../Core/Inc -I../Drivers/STM32F4xx_HAL_Driver/Inc -I../Drivers/STM32F4xx_HAL_Driver/Inc/Legacy -I../Drivers/CMSIS/Device/ST/STM32F4xx/Include -I../Drivers/CMSIS/Include -I../USB_DEVICE/App -I../USB_DEVICE/Target -I../Middlewares/ST/STM32_USB_Device_Library/Core/Inc -I../Middlewares/ST/STM32_USB_Device_Library/Class/CDC/Inc -O0 -ffunction-sections -fdata-sections -Wall -fstack-usage -fcyclomatic-complexity -MMD -MP -MF"Core/Src/stm32f4xx_hal_msp.d" -MT"Core/Src/stm32f4xx_hal_msp.o" --specs=nano.specs -mfpu=fpv4-sp-d16 -mfloat-abi=hard -mthumb -o "Core/Src/stm32f4xx_hal_msp.o"
arm-none-eabi-gcc "../Core/Src/stm32f4xx_it.c" -mcpu=cortex-m4 -std=gnu11 -g3 -DDEBUG -DUSE_HAL_DRIVER -DSTM32F401xE -c -I../Core/Inc -I../Drivers/STM32F4xx_HAL_Driver/Inc -I../Drivers/STM32F4xx_HAL_Driver/Inc/Legacy -I../Drivers/CMSIS/Device/ST/STM32F4xx/Include -I../Drivers/CMSIS/Include -I../USB_DEVICE/App -I../USB_DEVICE/Target -I../Middlewares/ST/STM32_USB_Device_Library/Core/Inc -I../Middlewares/ST/STM32_USB_Device_Library/Class/CDC/Inc -O0 -ffunction-sections -fdata-sections -Wall -fstack-usage -fcyclomatic-complexity -MMD -MP -MF"Core/Src/stm32f4xx_it.d" -MT"Core/Src/stm32f4xx_it.o" --specs=nano.specs -mfpu=fpv4-sp-d16 -mfloat-abi=hard -mthumb -o "Core/Src/stm32f4xx_it.o"
arm-none-eabi-gcc "../Core/Src/syscalls.c" -mcpu=cortex-m4 -std=gnu11 -g3 -DDEBUG -DUSE_HAL_DRIVER -DSTM32F401xE -c -I../Core/Inc -I../Drivers/STM32F4xx_HAL_Driver/Inc -I../Drivers/STM32F4xx_HAL_Driver/Inc/Legacy -I../Drivers/CMSIS/Device/ST/STM32F4xx/Include -I../Drivers/CMSIS/Include -I../USB_DEVICE/App -I../USB_DEVICE/Target -I../Middlewares/ST/STM32_USB_Device_Library/Core/Inc -I../Middlewares/ST/STM32_USB_Device_Library/Class/CDC/Inc -O0 -ffunction-sections -fdata-sections -Wall -fstack-usage -fcyclomatic-complexity -MMD -MP -MF"Core/Src/syscalls.d" -MT"Core/Src/syscalls.o" --specs=nano.specs -mfpu=fpv4-sp-d16 -mfloat-abi=hard -mthumb -o "Core/Src/syscalls.o"
arm-none-eabi-gcc "../Core/Src/sysmem.c" -mcpu=cortex-m4 -std=gnu11 -g3 -DDEBUG -DUSE_HAL_DRIVER -DSTM32F401xE -c -I../Core/Inc -I../Drivers/STM32F4xx_HAL_Driver/Inc -I../Drivers/STM32F4xx_HAL_Driver/Inc/Legacy -I../Drivers/CMSIS/Device/ST/STM32F4xx/Include -I../Drivers/CMSIS/Include -I../USB_DEVICE/App -I../USB_DEVICE/Target -I../Middlewares/ST/STM32_USB_Device_Library/Core/Inc -I../Middlewares/ST/STM32_USB_Device_Library/Class/CDC/Inc -O0 -ffunction-sections -fdata-sections -Wall -fstack-usage -fcyclomatic-complexity -MMD -MP -MF"Core/Src/sysmem.d" -MT"Core/Src/sysmem.o" --specs=nano.specs -mfpu=fpv4-sp-d16 -mfloat-abi=hard -mthumb -o "Core/Src/sysmem.o"
arm-none-eabi-gcc "../Core/Src/system_stm32f4xx.c" -mcpu=cortex-m4 -std=gnu11 -g3 -DDEBUG -DUSE_HAL_DRIVER -DSTM32F401xE -c -I../Core/Inc -I../Drivers/STM32F4xx_HAL_Driver/Inc -I../Drivers/STM32F4xx_HAL_Driver/Inc/Legacy -I../Drivers/CMSIS/Device/ST/STM32F4xx/Include -I../Drivers/CMSIS/Include -I../USB_DEVICE/App -I../USB_DEVICE/Target -I../Middlewares/ST/STM32_USB_Device_Library/Core/Inc -I../Middlewares/ST/STM32_USB_Device_Library/Class/CDC/Inc -O0 -ffunction-sections -fdata-sections -Wall -fstack-usage -fcyclomatic-complexity -MMD -MP -MF"Core/Src/system_stm32f4xx.d" -MT"Core/Src/system_stm32f4xx.o" --specs=nano.specs -mfpu=fpv4-sp-d16 -mfloat-abi=hard -mthumb -o "Core/Src/system_stm32f4xx.o"
arm-none-eabi-g++ "../Core/Src/usbCom.cpp" -mcpu=cortex-m4 -std=gnu++14 -g3 -DDEBUG -DUSE_HAL_DRIVER -DSTM32F401xE -c -I../Core/Inc -I../Drivers/STM32F4xx_HAL_Driver/Inc -I../Drivers/STM32F4xx_HAL_Driver/Inc/Legacy -I../Drivers/CMSIS/Device/ST/STM32F4xx/Include -I../Drivers/CMSIS/Include -I../USB_DEVICE/App -I../USB_DEVICE/Target -I../Middlewares/ST/STM32_USB_Device_Library/Core/Inc -I../Middlewares/ST/STM32_USB_Device_Library/Class/CDC/Inc -O0 -ffunction-sections -fdata-sections -fno-rtti -fno-use-cxa-atexit -Wall -fstack-usage -fcyclomatic-complexity -MMD -MP -MF"Core/Src/usbCom.d" -MT"Core/Src/usbCom.o" --specs=nano.specs -mfpu=fpv4-sp-d16 -mfloat-abi=hard -mthumb -o "Core/Src/usbCom.o"
In file included from ../Core/Inc/hw_interface.h:11,
                 from ../Core/Inc/menu2.h:13,
                 from ../Core/Src/menu2.cpp:8:
../Core/Inc/pid.h:93: warning: ignoring '#pragma diag_suppress ' [-Wunknown-pragmas]
   93 |         #pragma diag_suppress 177     /* Disable 'unused function' warning */
      | 
In file included from ../Core/Src/pid.cpp:21:
../Core/Inc/pid.h:93: warning: ignoring '#pragma diag_suppress ' [-Wunknown-pragmas]
   93 |         #pragma diag_suppress 177     /* Disable 'unused function' warning */
      | 
In file included from ../Core/Inc/hw_Interface.h:11,
                 from ../Core/Src/hw_interface.cpp:8:
../Core/Inc/pid.h:93: warning: ignoring '#pragma diag_suppress ' [-Wunknown-pragmas]
   93 |         #pragma diag_suppress 177     /* Disable 'unused function' warning */
      | 
../Core/Src/hw_interface.cpp:178:6: error: no declaration matches 'void hw::setKi(double)'
  178 | void hw::setKi(double Ki)
      |      ^~
../Core/Src/hw_interface.cpp:178:6: note: no functions named 'void hw::setKi(double)'
In file included from ../Core/Src/hw_interface.cpp:8:
../Core/Inc/hw_Interface.h:26:7: note: 'class hw' defined here
   26 | class hw
      |       ^~
make: *** [Core/Src/subdir.mk:68: Core/Src/hw_interface.o] Error 1
make: *** Waiting for unfinished jobs....
In file included from ../Core/Inc/hw_interface.h:11,
                 from ../Core/Inc/menu2.h:13,
                 from ../Core/Src/main.c:25:
../Core/Inc/pid.h:93: warning: ignoring '#pragma diag_suppress ' [-Wunknown-pragmas]
   93 |         #pragma diag_suppress 177     /* Disable 'unused function' warning */
      | 
In file included from ../Core/Inc/hw_interface.h:11,
                 from ../Core/Inc/menu2.h:13,
                 from ../Core/Src/main.c:25:
../Core/Inc/pid.h:190:1: error: unknown type name 'class'
  190 | class PID
      | ^~~~~
../Core/Inc/pid.h:191:1: error: expected '=', ',', ';', 'asm' or '__attribute__' before '{' token
  191 | {
      | ^
In file included from ../Core/Inc/hw_interface.h:12,
                 from ../Core/Inc/menu2.h:13,
                 from ../Core/Src/main.c:25:
../Core/Inc/mcp330x.h:26:1: error: unknown type name 'class'
   26 | class mcp3302
      | ^~~~~
../Core/Inc/mcp330x.h:27:1: error: expected '=', ',', ';', 'asm' or '__attribute__' before '{' token
   27 | {
      | ^
In file included from ../Core/Inc/menu2.h:13,
                 from ../Core/Src/main.c:25:
../Core/Inc/hw_interface.h:26:1: error: unknown type name 'class'
   26 | class hw
      | ^~~~~
../Core/Inc/hw_interface.h:27:1: error: expected '=', ',', ';', 'asm' or '__attribute__' before '{' token
   27 | {
      | ^
In file included from ../Core/Src/main.c:25:
../Core/Inc/menu2.h:29:1: error: unknown type name 'class'
   29 | class Menu
      | ^~~~~
../Core/Inc/menu2.h:30:1: error: expected '=', ',', ';', 'asm' or '__attribute__' before '{' token
   30 | {
      | ^
In file included from ../Core/Src/main.c:29:
../Core/Inc/usbCom.h:15:10: fatal error: vector: No such file or directory
   15 | #include <vector>
      |          ^~~~~~~~
compilation terminated.
make: *** [Core/Src/subdir.mk:70: Core/Src/main.o] Error 1
In file included from ../Core/Inc/hw_interface.h:11,
                 from ../Core/Inc/menu2.h:13,
                 from ../Core/Inc/usbCom.h:19,
                 from ../Core/Src/usbCom.cpp:9:
../Core/Inc/pid.h:93: warning: ignoring '#pragma diag_suppress ' [-Wunknown-pragmas]
   93 |         #pragma diag_suppress 177     /* Disable 'unused function' warning */
      | 
"make -j16 all" terminated with exit code 2. Build might be incomplete.
14:32:54 **** Incremental Build of configuration Debug for project eload ****
make -j16 all 
arm-none-eabi-g++ "../Core/Src/FIRFilter.cpp" -mcpu=cortex-m4 -std=gnu++14 -g3 -DDEBUG -DUSE_HAL_DRIVER -DSTM32F401xE -c -I../Core/Inc -I../Drivers/STM32F4xx_HAL_Driver/Inc -I../Drivers/STM32F4xx_HAL_Driver/Inc/Legacy -I../Drivers/CMSIS/Device/ST/STM32F4xx/Include -I../Drivers/CMSIS/Include -I../USB_DEVICE/App -I../USB_DEVICE/Target -I../Middlewares/ST/STM32_USB_Device_Library/Core/Inc -I../Middlewares/ST/STM32_USB_Device_Library/Class/CDC/Inc -O0 -ffunction-sections -fdata-sections -fno-rtti -fno-use-cxa-atexit -Wall -fstack-usage -fcyclomatic-complexity -MMD -MP -MF"Core/Src/FIRFilter.d" -MT"Core/Src/FIRFilter.o" --specs=nano.specs -mfpu=fpv4-sp-d16 -mfloat-abi=hard -mthumb -o "Core/Src/FIRFilter.o"
arm-none-eabi-g++ "../Core/Src/flashMem.cpp" -mcpu=cortex-m4 -std=gnu++14 -g3 -DDEBUG -DUSE_HAL_DRIVER -DSTM32F401xE -c -I../Core/Inc -I../Drivers/STM32F4xx_HAL_Driver/Inc -I../Drivers/STM32F4xx_HAL_Driver/Inc/Legacy -I../Drivers/CMSIS/Device/ST/STM32F4xx/Include -I../Drivers/CMSIS/Include -I../USB_DEVICE/App -I../USB_DEVICE/Target -I../Middlewares/ST/STM32_USB_Device_Library/Core/Inc -I../Middlewares/ST/STM32_USB_Device_Library/Class/CDC/Inc -O0 -ffunction-sections -fdata-sections -fno-rtti -fno-use-cxa-atexit -Wall -fstack-usage -fcyclomatic-complexity -MMD -MP -MF"Core/Src/flashMem.d" -MT"Core/Src/flashMem.o" --specs=nano.specs -mfpu=fpv4-sp-d16 -mfloat-abi=hard -mthumb -o "Core/Src/flashMem.o"
arm-none-eabi-g++ "../Core/Src/hw_interface.cpp" -mcpu=cortex-m4 -std=gnu++14 -g3 -DDEBUG -DUSE_HAL_DRIVER -DSTM32F401xE -c -I../Core/Inc -I../Drivers/STM32F4xx_HAL_Driver/Inc -I../Drivers/STM32F4xx_HAL_Driver/Inc/Legacy -I../Drivers/CMSIS/Device/ST/STM32F4xx/Include -I../Drivers/CMSIS/Include -I../USB_DEVICE/App -I../USB_DEVICE/Target -I../Middlewares/ST/STM32_USB_Device_Library/Core/Inc -I../Middlewares/ST/STM32_USB_Device_Library/Class/CDC/Inc -O0 -ffunction-sections -fdata-sections -fno-rtti -fno-use-cxa-atexit -Wall -fstack-usage -fcyclomatic-complexity -MMD -MP -MF"Core/Src/hw_interface.d" -MT"Core/Src/hw_interface.o" --specs=nano.specs -mfpu=fpv4-sp-d16 -mfloat-abi=hard -mthumb -o "Core/Src/hw_interface.o"
arm-none-eabi-g++ "../Core/Src/liquidcrystal_i2c.cpp" -mcpu=cortex-m4 -std=gnu++14 -g3 -DDEBUG -DUSE_HAL_DRIVER -DSTM32F401xE -c -I../Core/Inc -I../Drivers/STM32F4xx_HAL_Driver/Inc -I../Drivers/STM32F4xx_HAL_Driver/Inc/Legacy -I../Drivers/CMSIS/Device/ST/STM32F4xx/Include -I../Drivers/CMSIS/Include -I../USB_DEVICE/App -I../USB_DEVICE/Target -I../Middlewares/ST/STM32_USB_Device_Library/Core/Inc -I../Middlewares/ST/STM32_USB_Device_Library/Class/CDC/Inc -O0 -ffunction-sections -fdata-sections -fno-rtti -fno-use-cxa-atexit -Wall -fstack-usage -fcyclomatic-complexity -MMD -MP -MF"Core/Src/liquidcrystal_i2c.d" -MT"Core/Src/liquidcrystal_i2c.o" --specs=nano.specs -mfpu=fpv4-sp-d16 -mfloat-abi=hard -mthumb -o "Core/Src/liquidcrystal_i2c.o"
arm-none-eabi-g++ "../Core/Src/main.cpp" -mcpu=cortex-m4 -std=gnu++14 -g3 -DDEBUG -DUSE_HAL_DRIVER -DSTM32F401xE -c -I../Core/Inc -I../Drivers/STM32F4xx_HAL_Driver/Inc -I../Drivers/STM32F4xx_HAL_Driver/Inc/Legacy -I../Drivers/CMSIS/Device/ST/STM32F4xx/Include -I../Drivers/CMSIS/Include -I../USB_DEVICE/App -I../USB_DEVICE/Target -I../Middlewares/ST/STM32_USB_Device_Library/Core/Inc -I../Middlewares/ST/STM32_USB_Device_Library/Class/CDC/Inc -O0 -ffunction-sections -fdata-sections -fno-rtti -fno-use-cxa-atexit -Wall -fstack-usage -fcyclomatic-complexity -MMD -MP -MF"Core/Src/main.d" -MT"Core/Src/main.o" --specs=nano.specs -mfpu=fpv4-sp-d16 -mfloat-abi=hard -mthumb -o "Core/Src/main.o"
arm-none-eabi-g++ "../Core/Src/mcp330x.cpp" -mcpu=cortex-m4 -std=gnu++14 -g3 -DDEBUG -DUSE_HAL_DRIVER -DSTM32F401xE -c -I../Core/Inc -I../Drivers/STM32F4xx_HAL_Driver/Inc -I../Drivers/STM32F4xx_HAL_Driver/Inc/Legacy -I../Drivers/CMSIS/Device/ST/STM32F4xx/Include -I../Drivers/CMSIS/Include -I../USB_DEVICE/App -I../USB_DEVICE/Target -I../Middlewares/ST/STM32_USB_Device_Library/Core/Inc -I../Middlewares/ST/STM32_USB_Device_Library/Class/CDC/Inc -O0 -ffunction-sections -fdata-sections -fno-rtti -fno-use-cxa-atexit -Wall -fstack-usage -fcyclomatic-complexity -MMD -MP -MF"Core/Src/mcp330x.d" -MT"Core/Src/mcp330x.o" --specs=nano.specs -mfpu=fpv4-sp-d16 -mfloat-abi=hard -mthumb -o "Core/Src/mcp330x.o"
arm-none-eabi-g++ "../Core/Src/menu.cpp" -mcpu=cortex-m4 -std=gnu++14 -g3 -DDEBUG -DUSE_HAL_DRIVER -DSTM32F401xE -c -I../Core/Inc -I../Drivers/STM32F4xx_HAL_Driver/Inc -I../Drivers/STM32F4xx_HAL_Driver/Inc/Legacy -I../Drivers/CMSIS/Device/ST/STM32F4xx/Include -I../Drivers/CMSIS/Include -I../USB_DEVICE/App -I../USB_DEVICE/Target -I../Middlewares/ST/STM32_USB_Device_Library/Core/Inc -I../Middlewares/ST/STM32_USB_Device_Library/Class/CDC/Inc -O0 -ffunction-sections -fdata-sections -fno-rtti -fno-use-cxa-atexit -Wall -fstack-usage -fcyclomatic-complexity -MMD -MP -MF"Core/Src/menu.d" -MT"Core/Src/menu.o" --specs=nano.specs -mfpu=fpv4-sp-d16 -mfloat-abi=hard -mthumb -o "Core/Src/menu.o"
arm-none-eabi-g++ "../Core/Src/menu2.cpp" -mcpu=cortex-m4 -std=gnu++14 -g3 -DDEBUG -DUSE_HAL_DRIVER -DSTM32F401xE -c -I../Core/Inc -I../Drivers/STM32F4xx_HAL_Driver/Inc -I../Drivers/STM32F4xx_HAL_Driver/Inc/Legacy -I../Drivers/CMSIS/Device/ST/STM32F4xx/Include -I../Drivers/CMSIS/Include -I../USB_DEVICE/App -I../USB_DEVICE/Target -I../Middlewares/ST/STM32_USB_Device_Library/Core/Inc -I../Middlewares/ST/STM32_USB_Device_Library/Class/CDC/Inc -O0 -ffunction-sections -fdata-sections -fno-rtti -fno-use-cxa-atexit -Wall -fstack-usage -fcyclomatic-complexity -MMD -MP -MF"Core/Src/menu2.d" -MT"Core/Src/menu2.o" --specs=nano.specs -mfpu=fpv4-sp-d16 -mfloat-abi=hard -mthumb -o "Core/Src/menu2.o"
arm-none-eabi-g++ "../Core/Src/pid.cpp" -mcpu=cortex-m4 -std=gnu++14 -g3 -DDEBUG -DUSE_HAL_DRIVER -DSTM32F401xE -c -I../Core/Inc -I../Drivers/STM32F4xx_HAL_Driver/Inc -I../Drivers/STM32F4xx_HAL_Driver/Inc/Legacy -I../Drivers/CMSIS/Device/ST/STM32F4xx/Include -I../Drivers/CMSIS/Include -I../USB_DEVICE/App -I../USB_DEVICE/Target -I../Middlewares/ST/STM32_USB_Device_Library/Core/Inc -I../Middlewares/ST/STM32_USB_Device_Library/Class/CDC/Inc -O0 -ffunction-sections -fdata-sections -fno-rtti -fno-use-cxa-atexit -Wall -fstack-usage -fcyclomatic-complexity -MMD -MP -MF"Core/Src/pid.d" -MT"Core/Src/pid.o" --specs=nano.specs -mfpu=fpv4-sp-d16 -mfloat-abi=hard -mthumb -o "Core/Src/pid.o"
arm-none-eabi-g++ "../Core/Src/pidAutotune.cpp" -mcpu=cortex-m4 -std=gnu++14 -g3 -DDEBUG -DUSE_HAL_DRIVER -DSTM32F401xE -c -I../Core/Inc -I../Drivers/STM32F4xx_HAL_Driver/Inc -I../Drivers/STM32F4xx_HAL_Driver/Inc/Legacy -I../Drivers/CMSIS/Device/ST/STM32F4xx/Include -I../Drivers/CMSIS/Include -I../USB_DEVICE/App -I../USB_DEVICE/Target -I../Middlewares/ST/STM32_USB_Device_Library/Core/Inc -I../Middlewares/ST/STM32_USB_Device_Library/Class/CDC/Inc -O0 -ffunction-sections -fdata-sections -fno-rtti -fno-use-cxa-atexit -Wall -fstack-usage -fcyclomatic-complexity -MMD -MP -MF"Core/Src/pidAutotune.d" -MT"Core/Src/pidAutotune.o" --specs=nano.specs -mfpu=fpv4-sp-d16 -mfloat-abi=hard -mthumb -o "Core/Src/pidAutotune.o"
arm-none-eabi-gcc "../Core/Src/stm32f4xx_hal_msp.c" -mcpu=cortex-m4 -std=gnu11 -g3 -DDEBUG -DUSE_HAL_DRIVER -DSTM32F401xE -c -I../Core/Inc -I../Drivers/STM32F4xx_HAL_Driver/Inc -I../Drivers/STM32F4xx_HAL_Driver/Inc/Legacy -I../Drivers/CMSIS/Device/ST/STM32F4xx/Include -I../Drivers/CMSIS/Include -I../USB_DEVICE/App -I../USB_DEVICE/Target -I../Middlewares/ST/STM32_USB_Device_Library/Core/Inc -I../Middlewares/ST/STM32_USB_Device_Library/Class/CDC/Inc -O0 -ffunction-sections -fdata-sections -Wall -fstack-usage -fcyclomatic-complexity -MMD -MP -MF"Core/Src/stm32f4xx_hal_msp.d" -MT"Core/Src/stm32f4xx_hal_msp.o" --specs=nano.specs -mfpu=fpv4-sp-d16 -mfloat-abi=hard -mthumb -o "Core/Src/stm32f4xx_hal_msp.o"
arm-none-eabi-gcc "../Core/Src/stm32f4xx_it.c" -mcpu=cortex-m4 -std=gnu11 -g3 -DDEBUG -DUSE_HAL_DRIVER -DSTM32F401xE -c -I../Core/Inc -I../Drivers/STM32F4xx_HAL_Driver/Inc -I../Drivers/STM32F4xx_HAL_Driver/Inc/Legacy -I../Drivers/CMSIS/Device/ST/STM32F4xx/Include -I../Drivers/CMSIS/Include -I../USB_DEVICE/App -I../USB_DEVICE/Target -I../Middlewares/ST/STM32_USB_Device_Library/Core/Inc -I../Middlewares/ST/STM32_USB_Device_Library/Class/CDC/Inc -O0 -ffunction-sections -fdata-sections -Wall -fstack-usage -fcyclomatic-complexity -MMD -MP -MF"Core/Src/stm32f4xx_it.d" -MT"Core/Src/stm32f4xx_it.o" --specs=nano.specs -mfpu=fpv4-sp-d16 -mfloat-abi=hard -mthumb -o "Core/Src/stm32f4xx_it.o"
arm-none-eabi-gcc "../Core/Src/syscalls.c" -mcpu=cortex-m4 -std=gnu11 -g3 -DDEBUG -DUSE_HAL_DRIVER -DSTM32F401xE -c -I../Core/Inc -I../Drivers/STM32F4xx_HAL_Driver/Inc -I../Drivers/STM32F4xx_HAL_Driver/Inc/Legacy -I../Drivers/CMSIS/Device/ST/STM32F4xx/Include -I../Drivers/CMSIS/Include -I../USB_DEVICE/App -I../USB_DEVICE/Target -I../Middlewares/ST/STM32_USB_Device_Library/Core/Inc -I../Middlewares/ST/STM32_USB_Device_Library/Class/CDC/Inc -O0 -ffunction-sections -fdata-sections -Wall -fstack-usage -fcyclomatic-complexity -MMD -MP -MF"Core/Src/syscalls.d" -MT"Core/Src/syscalls.o" --specs=nano.specs -mfpu=fpv4-sp-d16 -mfloat-abi=hard -mthumb -o "Core/Src/syscalls.o"
arm-none-eabi-gcc "../Core/Src/sysmem.c" -mcpu=cortex-m4 -std=gnu11 -g3 -DDEBUG -DUSE_HAL_DRIVER -DSTM32F401xE -c -I../Core/Inc -I../Drivers/STM32F4xx_HAL_Driver/Inc -I../Drivers/STM32F4xx_HAL_Driver/Inc/Legacy -I../Drivers/CMSIS/Device/ST/STM32F4xx/Include -I../Drivers/CMSIS/Include -I../USB_DEVICE/App -I../USB_DEVICE/Target -I../Middlewares/ST/STM32_USB_Device_Library/Core/Inc -I../Middlewares/ST/STM32_USB_Device_Library/Class/CDC/Inc -O0 -ffunction-sections -fdata-sections -Wall -fstack-usage -fcyclomatic-complexity -MMD -MP -MF"Core/Src/sysmem.d" -MT"Core/Src/sysmem.o" --specs=nano.specs -mfpu=fpv4-sp-d16 -mfloat-abi=hard -mthumb -o "Core/Src/sysmem.o"
In file included from ../Core/Inc/hw_Interface.h:11,
                 from ../Core/Src/hw_interface.cpp:8:
../Core/Inc/pid.h:93: warning: ignoring '#pragma diag_suppress ' [-Wunknown-pragmas]
   93 |         #pragma diag_suppress 177     /* Disable 'unused function' warning */
      | 
arm-none-eabi-gcc "../Core/Src/system_stm32f4xx.c" -mcpu=cortex-m4 -std=gnu11 -g3 -DDEBUG -DUSE_HAL_DRIVER -DSTM32F401xE -c -I../Core/Inc -I../Drivers/STM32F4xx_HAL_Driver/Inc -I../Drivers/STM32F4xx_HAL_Driver/Inc/Legacy -I../Drivers/CMSIS/Device/ST/STM32F4xx/Include -I../Drivers/CMSIS/Include -I../USB_DEVICE/App -I../USB_DEVICE/Target -I../Middlewares/ST/STM32_USB_Device_Library/Core/Inc -I../Middlewares/ST/STM32_USB_Device_Library/Class/CDC/Inc -O0 -ffunction-sections -fdata-sections -Wall -fstack-usage -fcyclomatic-complexity -MMD -MP -MF"Core/Src/system_stm32f4xx.d" -MT"Core/Src/system_stm32f4xx.o" --specs=nano.specs -mfpu=fpv4-sp-d16 -mfloat-abi=hard -mthumb -o "Core/Src/system_stm32f4xx.o"
../Core/Src/hw_interface.cpp:178:6: error: no declaration matches 'void hw::setKi(double)'
  178 | void hw::setKi(double Ki)
      |      ^~
../Core/Src/hw_interface.cpp:178:6: note: no functions named 'void hw::setKi(double)'
In file included from ../Core/Src/hw_interface.cpp:8:
../Core/Inc/hw_Interface.h:26:7: note: 'class hw' defined here
   26 | class hw
      |       ^~
arm-none-eabi-g++ "../Core/Src/usbCom.cpp" -mcpu=cortex-m4 -std=gnu++14 -g3 -DDEBUG -DUSE_HAL_DRIVER -DSTM32F401xE -c -I../Core/Inc -I../Drivers/STM32F4xx_HAL_Driver/Inc -I../Drivers/STM32F4xx_HAL_Driver/Inc/Legacy -I../Drivers/CMSIS/Device/ST/STM32F4xx/Include -I../Drivers/CMSIS/Include -I../USB_DEVICE/App -I../USB_DEVICE/Target -I../Middlewares/ST/STM32_USB_Device_Library/Core/Inc -I../Middlewares/ST/STM32_USB_Device_Library/Class/CDC/Inc -O0 -ffunction-sections -fdata-sections -fno-rtti -fno-use-cxa-atexit -Wall -fstack-usage -fcyclomatic-complexity -MMD -MP -MF"Core/Src/usbCom.d" -MT"Core/Src/usbCom.o" --specs=nano.specs -mfpu=fpv4-sp-d16 -mfloat-abi=hard -mthumb -o "Core/Src/usbCom.o"
In file included from ../Core/Inc/hw_interface.h:11,
                 from ../Core/Inc/menu2.h:13,
                 from ../Core/Src/main.cpp:25:
../Core/Inc/pid.h:93: warning: ignoring '#pragma diag_suppress ' [-Wunknown-pragmas]
   93 |         #pragma diag_suppress 177     /* Disable 'unused function' warning */
      | 
In file included from ../Core/Inc/hw_interface.h:11,
                 from ../Core/Inc/menu2.h:13,
                 from ../Core/Src/menu2.cpp:8:
../Core/Inc/pid.h:93: warning: ignoring '#pragma diag_suppress ' [-Wunknown-pragmas]
   93 |         #pragma diag_suppress 177     /* Disable 'unused function' warning */
      | 
make: *** [Core/Src/subdir.mk:68: Core/Src/hw_interface.o] Error 1
make: *** Waiting for unfinished jobs....
In file included from ../Core/Src/pid.cpp:21:
../Core/Inc/pid.h:93: warning: ignoring '#pragma diag_suppress ' [-Wunknown-pragmas]
   93 |         #pragma diag_suppress 177     /* Disable 'unused function' warning */
      | 
In file included from ../Core/Inc/hw_interface.h:11,
                 from ../Core/Inc/menu2.h:13,
                 from ../Core/Inc/usbCom.h:19,
                 from ../Core/Src/usbCom.cpp:9:
../Core/Inc/pid.h:93: warning: ignoring '#pragma diag_suppress ' [-Wunknown-pragmas]
   93 |         #pragma diag_suppress 177     /* Disable 'unused function' warning */
      | 
"make -j16 all" terminated with exit code 2. Build might be incomplete.
14:33:49 **** Incremental Build of configuration Debug for project eload ****
make -j16 all 
arm-none-eabi-g++ "../Core/Src/hw_interface.cpp" -mcpu=cortex-m4 -std=gnu++14 -g3 -DDEBUG -DUSE_HAL_DRIVER -DSTM32F401xE -c -I../Core/Inc -I../Drivers/STM32F4xx_HAL_Driver/Inc -I../Drivers/STM32F4xx_HAL_Driver/Inc/Legacy -I../Drivers/CMSIS/Device/ST/STM32F4xx/Include -I../Drivers/CMSIS/Include -I../USB_DEVICE/App -I../USB_DEVICE/Target -I../Middlewares/ST/STM32_USB_Device_Library/Core/Inc -I../Middlewares/ST/STM32_USB_Device_Library/Class/CDC/Inc -O0 -ffunction-sections -fdata-sections -fno-rtti -fno-use-cxa-atexit -Wall -fstack-usage -fcyclomatic-complexity -MMD -MP -MF"Core/Src/hw_interface.d" -MT"Core/Src/hw_interface.o" --specs=nano.specs -mfpu=fpv4-sp-d16 -mfloat-abi=hard -mthumb -o "Core/Src/hw_interface.o"
arm-none-eabi-g++ "../Core/Src/main.cpp" -mcpu=cortex-m4 -std=gnu++14 -g3 -DDEBUG -DUSE_HAL_DRIVER -DSTM32F401xE -c -I../Core/Inc -I../Drivers/STM32F4xx_HAL_Driver/Inc -I../Drivers/STM32F4xx_HAL_Driver/Inc/Legacy -I../Drivers/CMSIS/Device/ST/STM32F4xx/Include -I../Drivers/CMSIS/Include -I../USB_DEVICE/App -I../USB_DEVICE/Target -I../Middlewares/ST/STM32_USB_Device_Library/Core/Inc -I../Middlewares/ST/STM32_USB_Device_Library/Class/CDC/Inc -O0 -ffunction-sections -fdata-sections -fno-rtti -fno-use-cxa-atexit -Wall -fstack-usage -fcyclomatic-complexity -MMD -MP -MF"Core/Src/main.d" -MT"Core/Src/main.o" --specs=nano.specs -mfpu=fpv4-sp-d16 -mfloat-abi=hard -mthumb -o "Core/Src/main.o"
arm-none-eabi-g++ "../Core/Src/menu2.cpp" -mcpu=cortex-m4 -std=gnu++14 -g3 -DDEBUG -DUSE_HAL_DRIVER -DSTM32F401xE -c -I../Core/Inc -I../Drivers/STM32F4xx_HAL_Driver/Inc -I../Drivers/STM32F4xx_HAL_Driver/Inc/Legacy -I../Drivers/CMSIS/Device/ST/STM32F4xx/Include -I../Drivers/CMSIS/Include -I../USB_DEVICE/App -I../USB_DEVICE/Target -I../Middlewares/ST/STM32_USB_Device_Library/Core/Inc -I../Middlewares/ST/STM32_USB_Device_Library/Class/CDC/Inc -O0 -ffunction-sections -fdata-sections -fno-rtti -fno-use-cxa-atexit -Wall -fstack-usage -fcyclomatic-complexity -MMD -MP -MF"Core/Src/menu2.d" -MT"Core/Src/menu2.o" --specs=nano.specs -mfpu=fpv4-sp-d16 -mfloat-abi=hard -mthumb -o "Core/Src/menu2.o"
arm-none-eabi-g++ "../Core/Src/usbCom.cpp" -mcpu=cortex-m4 -std=gnu++14 -g3 -DDEBUG -DUSE_HAL_DRIVER -DSTM32F401xE -c -I../Core/Inc -I../Drivers/STM32F4xx_HAL_Driver/Inc -I../Drivers/STM32F4xx_HAL_Driver/Inc/Legacy -I../Drivers/CMSIS/Device/ST/STM32F4xx/Include -I../Drivers/CMSIS/Include -I../USB_DEVICE/App -I../USB_DEVICE/Target -I../Middlewares/ST/STM32_USB_Device_Library/Core/Inc -I../Middlewares/ST/STM32_USB_Device_Library/Class/CDC/Inc -O0 -ffunction-sections -fdata-sections -fno-rtti -fno-use-cxa-atexit -Wall -fstack-usage -fcyclomatic-complexity -MMD -MP -MF"Core/Src/usbCom.d" -MT"Core/Src/usbCom.o" --specs=nano.specs -mfpu=fpv4-sp-d16 -mfloat-abi=hard -mthumb -o "Core/Src/usbCom.o"
In file included from ../Core/Inc/hw_Interface.h:11,
                 from ../Core/Src/hw_interface.cpp:8:
../Core/Inc/pid.h:93: warning: ignoring '#pragma diag_suppress ' [-Wunknown-pragmas]
   93 |         #pragma diag_suppress 177     /* Disable 'unused function' warning */
      | 
In file included from ../Core/Inc/hw_interface.h:11,
                 from ../Core/Inc/menu2.h:13,
                 from ../Core/Src/menu2.cpp:8:
../Core/Inc/pid.h:93: warning: ignoring '#pragma diag_suppress ' [-Wunknown-pragmas]
   93 |         #pragma diag_suppress 177     /* Disable 'unused function' warning */
      | 
In file included from ../Core/Inc/hw_interface.h:11,
                 from ../Core/Inc/menu2.h:13,
                 from ../Core/Src/main.cpp:25:
../Core/Inc/pid.h:93: warning: ignoring '#pragma diag_suppress ' [-Wunknown-pragmas]
   93 |         #pragma diag_suppress 177     /* Disable 'unused function' warning */
      | 
In file included from ../Core/Inc/hw_interface.h:11,
                 from ../Core/Inc/menu2.h:13,
                 from ../Core/Inc/usbCom.h:19,
                 from ../Core/Src/usbCom.cpp:9:
../Core/Inc/pid.h:93: warning: ignoring '#pragma diag_suppress ' [-Wunknown-pragmas]
   93 |         #pragma diag_suppress 177     /* Disable 'unused function' warning */
      | 
arm-none-eabi-g++ -o "eload.elf" @"objects.list"   -mcpu=cortex-m4 -T"D:\Projects\electronic_load\code\eload\STM32F401VDTX_FLASH.ld" --specs=nosys.specs -Wl,-Map="eload.map" -Wl,--gc-sections -static --specs=nano.specs -mfpu=fpv4-sp-d16 -mfloat-abi=hard -mthumb -u _printf_float -u _scanf_float -Wl,--start-group -lc -lm -lstdc++ -lsupc++ -Wl,--end-group
Finished building target: eload.elf
 
arm-none-eabi-size  eload.elf 
arm-none-eabi-objdump -h -S eload.elf  > "eload.list"
   text	   data	    bss	    dec	    hex	filename
 236968	   1108	  15560	 253636	  3dec4	eload.elf
Finished building: default.size.stdout
 
Finished building: eload.list
 
14:37:23 **** Incremental Build of configuration Debug for project eload ****
make -j16 all 
arm-none-eabi-g++ "../Core/Src/usbCom.cpp" -mcpu=cortex-m4 -std=gnu++14 -g3 -DDEBUG -DUSE_HAL_DRIVER -DSTM32F401xE -c -I../Core/Inc -I../Drivers/STM32F4xx_HAL_Driver/Inc -I../Drivers/STM32F4xx_HAL_Driver/Inc/Legacy -I../Drivers/CMSIS/Device/ST/STM32F4xx/Include -I../Drivers/CMSIS/Include -I../USB_DEVICE/App -I../USB_DEVICE/Target -I../Middlewares/ST/STM32_USB_Device_Library/Core/Inc -I../Middlewares/ST/STM32_USB_Device_Library/Class/CDC/Inc -O0 -ffunction-sections -fdata-sections -fno-rtti -fno-use-cxa-atexit -Wall -fstack-usage -fcyclomatic-complexity -MMD -MP -MF"Core/Src/usbCom.d" -MT"Core/Src/usbCom.o" --specs=nano.specs -mfpu=fpv4-sp-d16 -mfloat-abi=hard -mthumb -o "Core/Src/usbCom.o"
In file included from ../Core/Inc/hw_interface.h:11,
                 from ../Core/Inc/menu2.h:13,
                 from ../Core/Inc/usbCom.h:19,
                 from ../Core/Src/usbCom.cpp:9:
../Core/Inc/pid.h:93: warning: ignoring '#pragma diag_suppress ' [-Wunknown-pragmas]
   93 |         #pragma diag_suppress 177     /* Disable 'unused function' warning */
      | 
../Core/Src/usbCom.cpp: In member function 'void UsbManager::run()':
../Core/Src/usbCom.cpp:189:59: error: 'class UsbManager' has no member named 'Kp'
  189 |                         std::string str = to_string(this->Kp);
      |                                                           ^~
../Core/Src/usbCom.cpp:189:43: error: 'to_string' was not declared in this scope; did you mean 'std::__cxx11::to_string'?
  189 |                         std::string str = to_string(this->Kp);
      |                                           ^~~~~~~~~
      |                                           std::__cxx11::to_string
In file included from C:\ST\STM32CubeIDE_1.14.0\STM32CubeIDE\plugins\com.st.stm32cube.ide.mcu.externaltools.gnu-tools-for-stm32.11.3.rel1.win32_1.1.100.202309141235\tools\bin/../lib/gcc/arm-none-eabi/11.3.1/../../../../arm-none-eabi/include/c++/11.3.1/string:55,
                 from ../Core/Inc/usbCom.h:16,
                 from ../Core/Src/usbCom.cpp:9:
C:\ST\STM32CubeIDE_1.14.0\STM32CubeIDE\plugins\com.st.stm32cube.ide.mcu.externaltools.gnu-tools-for-stm32.11.3.rel1.win32_1.1.100.202309141235\tools\arm-none-eabi\include\c++\11.3.1\bits\basic_string.h:6739:3: note: 'std::__cxx11::to_string' declared here
 6739 |   to_string(long double __val)
      |   ^~~~~~~~~
../Core/Src/usbCom.cpp:198:59: error: 'class UsbManager' has no member named 'Ki'
  198 |                         std::string str = to_string(this->Ki);
      |                                                           ^~
../Core/Src/usbCom.cpp:198:43: error: 'to_string' was not declared in this scope; did you mean 'std::__cxx11::to_string'?
  198 |                         std::string str = to_string(this->Ki);
      |                                           ^~~~~~~~~
      |                                           std::__cxx11::to_string
In file included from C:\ST\STM32CubeIDE_1.14.0\STM32CubeIDE\plugins\com.st.stm32cube.ide.mcu.externaltools.gnu-tools-for-stm32.11.3.rel1.win32_1.1.100.202309141235\tools\bin/../lib/gcc/arm-none-eabi/11.3.1/../../../../arm-none-eabi/include/c++/11.3.1/string:55,
                 from ../Core/Inc/usbCom.h:16,
                 from ../Core/Src/usbCom.cpp:9:
C:\ST\STM32CubeIDE_1.14.0\STM32CubeIDE\plugins\com.st.stm32cube.ide.mcu.externaltools.gnu-tools-for-stm32.11.3.rel1.win32_1.1.100.202309141235\tools\arm-none-eabi\include\c++\11.3.1\bits\basic_string.h:6739:3: note: 'std::__cxx11::to_string' declared here
 6739 |   to_string(long double __val)
      |   ^~~~~~~~~
../Core/Src/usbCom.cpp:207:59: error: 'class UsbManager' has no member named 'Kd'
  207 |                         std::string str = to_string(this->Kd);
      |                                                           ^~
../Core/Src/usbCom.cpp:207:43: error: 'to_string' was not declared in this scope; did you mean 'std::__cxx11::to_string'?
  207 |                         std::string str = to_string(this->Kd);
      |                                           ^~~~~~~~~
      |                                           std::__cxx11::to_string
In file included from C:\ST\STM32CubeIDE_1.14.0\STM32CubeIDE\plugins\com.st.stm32cube.ide.mcu.externaltools.gnu-tools-for-stm32.11.3.rel1.win32_1.1.100.202309141235\tools\bin/../lib/gcc/arm-none-eabi/11.3.1/../../../../arm-none-eabi/include/c++/11.3.1/string:55,
                 from ../Core/Inc/usbCom.h:16,
                 from ../Core/Src/usbCom.cpp:9:
C:\ST\STM32CubeIDE_1.14.0\STM32CubeIDE\plugins\com.st.stm32cube.ide.mcu.externaltools.gnu-tools-for-stm32.11.3.rel1.win32_1.1.100.202309141235\tools\arm-none-eabi\include\c++\11.3.1\bits\basic_string.h:6739:3: note: 'std::__cxx11::to_string' declared here
 6739 |   to_string(long double __val)
      |   ^~~~~~~~~
make: *** [Core/Src/subdir.mk:68: Core/Src/usbCom.o] Error 1
"make -j16 all" terminated with exit code 2. Build might be incomplete.
14:37:56 **** Incremental Build of configuration Debug for project eload ****
make -j16 all 
arm-none-eabi-g++ "../Core/Src/usbCom.cpp" -mcpu=cortex-m4 -std=gnu++14 -g3 -DDEBUG -DUSE_HAL_DRIVER -DSTM32F401xE -c -I../Core/Inc -I../Drivers/STM32F4xx_HAL_Driver/Inc -I../Drivers/STM32F4xx_HAL_Driver/Inc/Legacy -I../Drivers/CMSIS/Device/ST/STM32F4xx/Include -I../Drivers/CMSIS/Include -I../USB_DEVICE/App -I../USB_DEVICE/Target -I../Middlewares/ST/STM32_USB_Device_Library/Core/Inc -I../Middlewares/ST/STM32_USB_Device_Library/Class/CDC/Inc -O0 -ffunction-sections -fdata-sections -fno-rtti -fno-use-cxa-atexit -Wall -fstack-usage -fcyclomatic-complexity -MMD -MP -MF"Core/Src/usbCom.d" -MT"Core/Src/usbCom.o" --specs=nano.specs -mfpu=fpv4-sp-d16 -mfloat-abi=hard -mthumb -o "Core/Src/usbCom.o"
In file included from ../Core/Inc/hw_interface.h:11,
                 from ../Core/Inc/menu2.h:13,
                 from ../Core/Inc/usbCom.h:19,
                 from ../Core/Src/usbCom.cpp:9:
../Core/Inc/pid.h:93: warning: ignoring '#pragma diag_suppress ' [-Wunknown-pragmas]
   93 |         #pragma diag_suppress 177     /* Disable 'unused function' warning */
      | 
../Core/Src/usbCom.cpp: In member function 'void UsbManager::run()':
../Core/Src/usbCom.cpp:189:64: error: 'class UsbManager' has no member named 'Kp'
  189 |                         std::string str = std::to_string(this->Kp);
      |                                                                ^~
../Core/Src/usbCom.cpp:198:64: error: 'class UsbManager' has no member named 'Ki'
  198 |                         std::string str = std::to_string(this->Ki);
      |                                                                ^~
../Core/Src/usbCom.cpp:207:64: error: 'class UsbManager' has no member named 'Kd'
  207 |                         std::string str = std::to_string(this->Kd);
      |                                                                ^~
make: *** [Core/Src/subdir.mk:68: Core/Src/usbCom.o] Error 1
"make -j16 all" terminated with exit code 2. Build might be incomplete.
14:38:57 **** Incremental Build of configuration Debug for project eload ****
make -j16 all 
arm-none-eabi-g++ "../Core/Src/usbCom.cpp" -mcpu=cortex-m4 -std=gnu++14 -g3 -DDEBUG -DUSE_HAL_DRIVER -DSTM32F401xE -c -I../Core/Inc -I../Drivers/STM32F4xx_HAL_Driver/Inc -I../Drivers/STM32F4xx_HAL_Driver/Inc/Legacy -I../Drivers/CMSIS/Device/ST/STM32F4xx/Include -I../Drivers/CMSIS/Include -I../USB_DEVICE/App -I../USB_DEVICE/Target -I../Middlewares/ST/STM32_USB_Device_Library/Core/Inc -I../Middlewares/ST/STM32_USB_Device_Library/Class/CDC/Inc -O0 -ffunction-sections -fdata-sections -fno-rtti -fno-use-cxa-atexit -Wall -fstack-usage -fcyclomatic-complexity -MMD -MP -MF"Core/Src/usbCom.d" -MT"Core/Src/usbCom.o" --specs=nano.specs -mfpu=fpv4-sp-d16 -mfloat-abi=hard -mthumb -o "Core/Src/usbCom.o"
In file included from ../Core/Inc/hw_interface.h:11,
                 from ../Core/Inc/menu2.h:13,
                 from ../Core/Inc/usbCom.h:19,
                 from ../Core/Src/usbCom.cpp:9:
../Core/Inc/pid.h:93: warning: ignoring '#pragma diag_suppress ' [-Wunknown-pragmas]
   93 |         #pragma diag_suppress 177     /* Disable 'unused function' warning */
      | 
../Core/Src/usbCom.cpp: In member function 'void UsbManager::run()':
../Core/Src/usbCom.cpp:189:89: error: 'double hw::Kp' is private within this context
  189 |                         std::string str = std::to_string(this->menuHandle->hwInterface->Kp);
      |                                                                                         ^~
In file included from ../Core/Inc/menu2.h:13,
                 from ../Core/Inc/usbCom.h:19,
                 from ../Core/Src/usbCom.cpp:9:
../Core/Inc/hw_interface.h:36:16: note: declared private here
   36 |         double Kp, Ki, Kd;
      |                ^~
../Core/Src/usbCom.cpp:198:64: error: 'class UsbManager' has no member named 'Ki'
  198 |                         std::string str = std::to_string(this->Ki);
      |                                                                ^~
../Core/Src/usbCom.cpp:207:64: error: 'class UsbManager' has no member named 'Kd'
  207 |                         std::string str = std::to_string(this->Kd);
      |                                                                ^~
make: *** [Core/Src/subdir.mk:68: Core/Src/usbCom.o] Error 1
"make -j16 all" terminated with exit code 2. Build might be incomplete.
14:39:40 **** Incremental Build of configuration Debug for project eload ****
make -j16 all 
arm-none-eabi-g++ "../Core/Src/usbCom.cpp" -mcpu=cortex-m4 -std=gnu++14 -g3 -DDEBUG -DUSE_HAL_DRIVER -DSTM32F401xE -c -I../Core/Inc -I../Drivers/STM32F4xx_HAL_Driver/Inc -I../Drivers/STM32F4xx_HAL_Driver/Inc/Legacy -I../Drivers/CMSIS/Device/ST/STM32F4xx/Include -I../Drivers/CMSIS/Include -I../USB_DEVICE/App -I../USB_DEVICE/Target -I../Middlewares/ST/STM32_USB_Device_Library/Core/Inc -I../Middlewares/ST/STM32_USB_Device_Library/Class/CDC/Inc -O0 -ffunction-sections -fdata-sections -fno-rtti -fno-use-cxa-atexit -Wall -fstack-usage -fcyclomatic-complexity -MMD -MP -MF"Core/Src/usbCom.d" -MT"Core/Src/usbCom.o" --specs=nano.specs -mfpu=fpv4-sp-d16 -mfloat-abi=hard -mthumb -o "Core/Src/usbCom.o"
In file included from ../Core/Inc/hw_interface.h:11,
                 from ../Core/Inc/menu2.h:13,
                 from ../Core/Inc/usbCom.h:19,
                 from ../Core/Src/usbCom.cpp:9:
../Core/Inc/pid.h:93: warning: ignoring '#pragma diag_suppress ' [-Wunknown-pragmas]
   93 |         #pragma diag_suppress 177     /* Disable 'unused function' warning */
      | 
arm-none-eabi-g++ -o "eload.elf" @"objects.list"   -mcpu=cortex-m4 -T"D:\Projects\electronic_load\code\eload\STM32F401VDTX_FLASH.ld" --specs=nosys.specs -Wl,-Map="eload.map" -Wl,--gc-sections -static --specs=nano.specs -mfpu=fpv4-sp-d16 -mfloat-abi=hard -mthumb -u _printf_float -u _scanf_float -Wl,--start-group -lc -lm -lstdc++ -lsupc++ -Wl,--end-group
Finished building target: eload.elf
 
arm-none-eabi-size  eload.elf 
arm-none-eabi-objdump -h -S eload.elf  > "eload.list"
   text	   data	    bss	    dec	    hex	filename
 237324	   1108	  15560	 253992	  3e028	eload.elf
Finished building: default.size.stdout
 
Finished building: eload.list
 
14:41:00 **** Incremental Build of configuration Debug for project eload ****
make -j16 all 
arm-none-eabi-g++ "../Core/Src/usbCom.cpp" -mcpu=cortex-m4 -std=gnu++14 -g3 -DDEBUG -DUSE_HAL_DRIVER -DSTM32F401xE -c -I../Core/Inc -I../Drivers/STM32F4xx_HAL_Driver/Inc -I../Drivers/STM32F4xx_HAL_Driver/Inc/Legacy -I../Drivers/CMSIS/Device/ST/STM32F4xx/Include -I../Drivers/CMSIS/Include -I../USB_DEVICE/App -I../USB_DEVICE/Target -I../Middlewares/ST/STM32_USB_Device_Library/Core/Inc -I../Middlewares/ST/STM32_USB_Device_Library/Class/CDC/Inc -O0 -ffunction-sections -fdata-sections -fno-rtti -fno-use-cxa-atexit -Wall -fstack-usage -fcyclomatic-complexity -MMD -MP -MF"Core/Src/usbCom.d" -MT"Core/Src/usbCom.o" --specs=nano.specs -mfpu=fpv4-sp-d16 -mfloat-abi=hard -mthumb -o "Core/Src/usbCom.o"
In file included from ../Core/Inc/hw_interface.h:11,
                 from ../Core/Inc/menu2.h:13,
                 from ../Core/Inc/usbCom.h:19,
                 from ../Core/Src/usbCom.cpp:9:
../Core/Inc/pid.h:93: warning: ignoring '#pragma diag_suppress ' [-Wunknown-pragmas]
   93 |         #pragma diag_suppress 177     /* Disable 'unused function' warning */
      | 
arm-none-eabi-g++ -o "eload.elf" @"objects.list"   -mcpu=cortex-m4 -T"D:\Projects\electronic_load\code\eload\STM32F401VDTX_FLASH.ld" --specs=nosys.specs -Wl,-Map="eload.map" -Wl,--gc-sections -static --specs=nano.specs -mfpu=fpv4-sp-d16 -mfloat-abi=hard -mthumb -u _printf_float -u _scanf_float -Wl,--start-group -lc -lm -lstdc++ -lsupc++ -Wl,--end-group
Finished building target: eload.elf
 
arm-none-eabi-size  eload.elf 
arm-none-eabi-objdump -h -S eload.elf  > "eload.list"
   text	   data	    bss	    dec	    hex	filename
 237364	   1108	  15560	 254032	  3e050	eload.elf
Finished building: default.size.stdout
 
Finished building: eload.list
 
14:42:03 **** Incremental Build of configuration Debug for project eload ****
make -j16 all 
arm-none-eabi-g++ "../Core/Src/usbCom.cpp" -mcpu=cortex-m4 -std=gnu++14 -g3 -DDEBUG -DUSE_HAL_DRIVER -DSTM32F401xE -c -I../Core/Inc -I../Drivers/STM32F4xx_HAL_Driver/Inc -I../Drivers/STM32F4xx_HAL_Driver/Inc/Legacy -I../Drivers/CMSIS/Device/ST/STM32F4xx/Include -I../Drivers/CMSIS/Include -I../USB_DEVICE/App -I../USB_DEVICE/Target -I../Middlewares/ST/STM32_USB_Device_Library/Core/Inc -I../Middlewares/ST/STM32_USB_Device_Library/Class/CDC/Inc -O0 -ffunction-sections -fdata-sections -fno-rtti -fno-use-cxa-atexit -Wall -fstack-usage -fcyclomatic-complexity -MMD -MP -MF"Core/Src/usbCom.d" -MT"Core/Src/usbCom.o" --specs=nano.specs -mfpu=fpv4-sp-d16 -mfloat-abi=hard -mthumb -o "Core/Src/usbCom.o"
In file included from ../Core/Inc/hw_interface.h:11,
                 from ../Core/Inc/menu2.h:13,
                 from ../Core/Inc/usbCom.h:19,
                 from ../Core/Src/usbCom.cpp:9:
../Core/Inc/pid.h:93: warning: ignoring '#pragma diag_suppress ' [-Wunknown-pragmas]
   93 |         #pragma diag_suppress 177     /* Disable 'unused function' warning */
      | 
arm-none-eabi-g++ -o "eload.elf" @"objects.list"   -mcpu=cortex-m4 -T"D:\Projects\electronic_load\code\eload\STM32F401VDTX_FLASH.ld" --specs=nosys.specs -Wl,-Map="eload.map" -Wl,--gc-sections -static --specs=nano.specs -mfpu=fpv4-sp-d16 -mfloat-abi=hard -mthumb -u _printf_float -u _scanf_float -Wl,--start-group -lc -lm -lstdc++ -lsupc++ -Wl,--end-group
Finished building target: eload.elf
 
arm-none-eabi-size  eload.elf 
arm-none-eabi-objdump -h -S eload.elf  > "eload.list"
   text	   data	    bss	    dec	    hex	filename
 237364	   1108	  15560	 254032	  3e050	eload.elf
Finished building: default.size.stdout
 
Finished building: eload.list
 
15:48:52 **** Incremental Build of configuration Debug for project eload ****
make -j16 all 
arm-none-eabi-g++ "../Core/Src/main.cpp" -mcpu=cortex-m4 -std=gnu++14 -g3 -DDEBUG -DUSE_HAL_DRIVER -DSTM32F401xE -c -I../Core/Inc -I../Drivers/STM32F4xx_HAL_Driver/Inc -I../Drivers/STM32F4xx_HAL_Driver/Inc/Legacy -I../Drivers/CMSIS/Device/ST/STM32F4xx/Include -I../Drivers/CMSIS/Include -I../USB_DEVICE/App -I../USB_DEVICE/Target -I../Middlewares/ST/STM32_USB_Device_Library/Core/Inc -I../Middlewares/ST/STM32_USB_Device_Library/Class/CDC/Inc -O0 -ffunction-sections -fdata-sections -fno-rtti -fno-use-cxa-atexit -Wall -fstack-usage -fcyclomatic-complexity -MMD -MP -MF"Core/Src/main.d" -MT"Core/Src/main.o" --specs=nano.specs -mfpu=fpv4-sp-d16 -mfloat-abi=hard -mthumb -o "Core/Src/main.o"
arm-none-eabi-g++ "../Core/Src/usbCom.cpp" -mcpu=cortex-m4 -std=gnu++14 -g3 -DDEBUG -DUSE_HAL_DRIVER -DSTM32F401xE -c -I../Core/Inc -I../Drivers/STM32F4xx_HAL_Driver/Inc -I../Drivers/STM32F4xx_HAL_Driver/Inc/Legacy -I../Drivers/CMSIS/Device/ST/STM32F4xx/Include -I../Drivers/CMSIS/Include -I../USB_DEVICE/App -I../USB_DEVICE/Target -I../Middlewares/ST/STM32_USB_Device_Library/Core/Inc -I../Middlewares/ST/STM32_USB_Device_Library/Class/CDC/Inc -O0 -ffunction-sections -fdata-sections -fno-rtti -fno-use-cxa-atexit -Wall -fstack-usage -fcyclomatic-complexity -MMD -MP -MF"Core/Src/usbCom.d" -MT"Core/Src/usbCom.o" --specs=nano.specs -mfpu=fpv4-sp-d16 -mfloat-abi=hard -mthumb -o "Core/Src/usbCom.o"
In file included from ../Core/Inc/hw_interface.h:11,
                 from ../Core/Inc/menu2.h:13,
                 from ../Core/Src/main.cpp:25:
../Core/Inc/pid.h:93: warning: ignoring '#pragma diag_suppress ' [-Wunknown-pragmas]
   93 |         #pragma diag_suppress 177     /* Disable 'unused function' warning */
      | 
In file included from ../Core/Inc/hw_interface.h:11,
                 from ../Core/Inc/menu2.h:13,
                 from ../Core/Inc/usbCom.h:19,
                 from ../Core/Src/usbCom.cpp:9:
../Core/Inc/pid.h:93: warning: ignoring '#pragma diag_suppress ' [-Wunknown-pragmas]
   93 |         #pragma diag_suppress 177     /* Disable 'unused function' warning */
      | 
arm-none-eabi-g++ -o "eload.elf" @"objects.list"   -mcpu=cortex-m4 -T"D:\Projects\electronic_load\code\eload\STM32F401VDTX_FLASH.ld" --specs=nosys.specs -Wl,-Map="eload.map" -Wl,--gc-sections -static --specs=nano.specs -mfpu=fpv4-sp-d16 -mfloat-abi=hard -mthumb -u _printf_float -u _scanf_float -Wl,--start-group -lc -lm -lstdc++ -lsupc++ -Wl,--end-group
Finished building target: eload.elf
 
arm-none-eabi-size  eload.elf 
arm-none-eabi-objdump -h -S eload.elf  > "eload.list"
   text	   data	    bss	    dec	    hex	filename
 238168	   1108	  15560	 254836	  3e374	eload.elf
Finished building: default.size.stdout
 
Finished building: eload.list
 
15:57:53 **** Incremental Build of configuration Debug for project eload ****
make -j16 all 
arm-none-eabi-g++ "../Core/Src/usbCom.cpp" -mcpu=cortex-m4 -std=gnu++14 -g3 -DDEBUG -DUSE_HAL_DRIVER -DSTM32F401xE -c -I../Core/Inc -I../Drivers/STM32F4xx_HAL_Driver/Inc -I../Drivers/STM32F4xx_HAL_Driver/Inc/Legacy -I../Drivers/CMSIS/Device/ST/STM32F4xx/Include -I../Drivers/CMSIS/Include -I../USB_DEVICE/App -I../USB_DEVICE/Target -I../Middlewares/ST/STM32_USB_Device_Library/Core/Inc -I../Middlewares/ST/STM32_USB_Device_Library/Class/CDC/Inc -O0 -ffunction-sections -fdata-sections -fno-rtti -fno-use-cxa-atexit -Wall -fstack-usage -fcyclomatic-complexity -MMD -MP -MF"Core/Src/usbCom.d" -MT"Core/Src/usbCom.o" --specs=nano.specs -mfpu=fpv4-sp-d16 -mfloat-abi=hard -mthumb -o "Core/Src/usbCom.o"
In file included from ../Core/Inc/hw_interface.h:11,
                 from ../Core/Inc/menu2.h:13,
                 from ../Core/Inc/usbCom.h:19,
                 from ../Core/Src/usbCom.cpp:9:
../Core/Inc/pid.h:93: warning: ignoring '#pragma diag_suppress ' [-Wunknown-pragmas]
   93 |         #pragma diag_suppress 177     /* Disable 'unused function' warning */
      | 
arm-none-eabi-g++ -o "eload.elf" @"objects.list"   -mcpu=cortex-m4 -T"D:\Projects\electronic_load\code\eload\STM32F401VDTX_FLASH.ld" --specs=nosys.specs -Wl,-Map="eload.map" -Wl,--gc-sections -static --specs=nano.specs -mfpu=fpv4-sp-d16 -mfloat-abi=hard -mthumb -u _printf_float -u _scanf_float -Wl,--start-group -lc -lm -lstdc++ -lsupc++ -Wl,--end-group
Finished building target: eload.elf
 
arm-none-eabi-size  eload.elf 
arm-none-eabi-objdump -h -S eload.elf  > "eload.list"
   text	   data	    bss	    dec	    hex	filename
 238152	   1108	  15560	 254820	  3e364	eload.elf
Finished building: default.size.stdout
 
Finished building: eload.list
 
15:59:59 **** Incremental Build of configuration Debug for project eload ****
make -j16 all 
arm-none-eabi-g++ "../Core/Src/usbCom.cpp" -mcpu=cortex-m4 -std=gnu++14 -g3 -DDEBUG -DUSE_HAL_DRIVER -DSTM32F401xE -c -I../Core/Inc -I../Drivers/STM32F4xx_HAL_Driver/Inc -I../Drivers/STM32F4xx_HAL_Driver/Inc/Legacy -I../Drivers/CMSIS/Device/ST/STM32F4xx/Include -I../Drivers/CMSIS/Include -I../USB_DEVICE/App -I../USB_DEVICE/Target -I../Middlewares/ST/STM32_USB_Device_Library/Core/Inc -I../Middlewares/ST/STM32_USB_Device_Library/Class/CDC/Inc -O0 -ffunction-sections -fdata-sections -fno-rtti -fno-use-cxa-atexit -Wall -fstack-usage -fcyclomatic-complexity -MMD -MP -MF"Core/Src/usbCom.d" -MT"Core/Src/usbCom.o" --specs=nano.specs -mfpu=fpv4-sp-d16 -mfloat-abi=hard -mthumb -o "Core/Src/usbCom.o"
In file included from ../Core/Inc/hw_interface.h:11,
                 from ../Core/Inc/menu2.h:13,
                 from ../Core/Inc/usbCom.h:19,
                 from ../Core/Src/usbCom.cpp:9:
../Core/Inc/pid.h:93: warning: ignoring '#pragma diag_suppress ' [-Wunknown-pragmas]
   93 |         #pragma diag_suppress 177     /* Disable 'unused function' warning */
      | 
arm-none-eabi-g++ -o "eload.elf" @"objects.list"   -mcpu=cortex-m4 -T"D:\Projects\electronic_load\code\eload\STM32F401VDTX_FLASH.ld" --specs=nosys.specs -Wl,-Map="eload.map" -Wl,--gc-sections -static --specs=nano.specs -mfpu=fpv4-sp-d16 -mfloat-abi=hard -mthumb -u _printf_float -u _scanf_float -Wl,--start-group -lc -lm -lstdc++ -lsupc++ -Wl,--end-group
Finished building target: eload.elf
 
arm-none-eabi-size  eload.elf 
arm-none-eabi-objdump -h -S eload.elf  > "eload.list"
   text	   data	    bss	    dec	    hex	filename
 238168	   1108	  15560	 254836	  3e374	eload.elf
Finished building: default.size.stdout
 
Finished building: eload.list
 
16:50:20 **** Incremental Build of configuration Debug for project eload ****
make -j16 all 
arm-none-eabi-size  eload.elf 
   text	   data	    bss	    dec	    hex	filename
 238168	   1108	  15560	 254836	  3e374	eload.elf
Finished building: default.size.stdout
 
16:50:57 **** Incremental Build of configuration Debug for project eload ****
make -j16 all 
arm-none-eabi-size  eload.elf 
   text	   data	    bss	    dec	    hex	filename
 238168	   1108	  15560	 254836	  3e374	eload.elf
Finished building: default.size.stdout
 
16:51:22 **** Incremental Build of configuration Debug for project eload ****
make -j16 all 
arm-none-eabi-size  eload.elf 
   text	   data	    bss	    dec	    hex	filename
 238168	   1108	  15560	 254836	  3e374	eload.elf
Finished building: default.size.stdout
 
09:11:22 **** Incremental Build of configuration Debug for project eload ****
make -j16 all 
arm-none-eabi-size  eload.elf 
   text	   data	    bss	    dec	    hex	filename
 238168	   1108	  15560	 254836	  3e374	eload.elf
Finished building: default.size.stdout
 
19:21:04 **** Build of configuration Debug for project eload ****
make -j16 all 
arm-none-eabi-size  eload.elf 
   text	   data	    bss	    dec	    hex	filename
 238168	   1108	  15560	 254836	  3e374	eload.elf
Finished building: default.size.stdout
 
19:21:23 **** Incremental Build of configuration Debug for project eload ****
make -j16 all 
arm-none-eabi-size  eload.elf 
   text	   data	    bss	    dec	    hex	filename
 238168	   1108	  15560	 254836	  3e374	eload.elf
Finished building: default.size.stdout
 
19:28:25 **** Incremental Build of configuration Debug for project eload ****
make -j16 all 
arm-none-eabi-size  eload.elf 
   text	   data	    bss	    dec	    hex	filename
 238168	   1108	  15560	 254836	  3e374	eload.elf
Finished building: default.size.stdout
 
19:28:40 **** Incremental Build of configuration Debug for project eload ****
make -j16 all 
arm-none-eabi-size  eload.elf 
   text	   data	    bss	    dec	    hex	filename
 238168	   1108	  15560	 254836	  3e374	eload.elf
Finished building: default.size.stdout
 
19:29:51 **** Incremental Build of configuration Debug for project eload ****
make -j16 all 
arm-none-eabi-size  eload.elf 
   text	   data	    bss	    dec	    hex	filename
 238168	   1108	  15560	 254836	  3e374	eload.elf
Finished building: default.size.stdout
 
14:08:24 **** Incremental Build of configuration Debug for project eload ****
make -j16 all 
arm-none-eabi-size  eload.elf 
   text	   data	    bss	    dec	    hex	filename
 238168	   1108	  15560	 254836	  3e374	eload.elf
Finished building: default.size.stdout
 
14:09:04 **** Incremental Build of configuration Debug for project eload ****
make -j16 all 
arm-none-eabi-g++ "../Core/Src/menu2.cpp" -mcpu=cortex-m4 -std=gnu++14 -g3 -DDEBUG -DUSE_HAL_DRIVER -DSTM32F401xE -c -I../Core/Inc -I../Drivers/STM32F4xx_HAL_Driver/Inc -I../Drivers/STM32F4xx_HAL_Driver/Inc/Legacy -I../Drivers/CMSIS/Device/ST/STM32F4xx/Include -I../Drivers/CMSIS/Include -I../USB_DEVICE/App -I../USB_DEVICE/Target -I../Middlewares/ST/STM32_USB_Device_Library/Core/Inc -I../Middlewares/ST/STM32_USB_Device_Library/Class/CDC/Inc -O0 -ffunction-sections -fdata-sections -fno-rtti -fno-use-cxa-atexit -Wall -fstack-usage -fcyclomatic-complexity -MMD -MP -MF"Core/Src/menu2.d" -MT"Core/Src/menu2.o" --specs=nano.specs -mfpu=fpv4-sp-d16 -mfloat-abi=hard -mthumb -o "Core/Src/menu2.o"
In file included from ../Core/Inc/hw_interface.h:11,
                 from ../Core/Inc/menu2.h:13,
                 from ../Core/Src/menu2.cpp:8:
../Core/Inc/pid.h:93: warning: ignoring '#pragma diag_suppress ' [-Wunknown-pragmas]
   93 |         #pragma diag_suppress 177     /* Disable 'unused function' warning */
      | 
arm-none-eabi-g++ -o "eload.elf" @"objects.list"   -mcpu=cortex-m4 -T"D:\Projects\electronic_load\code\eload\STM32F401VDTX_FLASH.ld" --specs=nosys.specs -Wl,-Map="eload.map" -Wl,--gc-sections -static --specs=nano.specs -mfpu=fpv4-sp-d16 -mfloat-abi=hard -mthumb -u _printf_float -u _scanf_float -Wl,--start-group -lc -lm -lstdc++ -lsupc++ -Wl,--end-group
Finished building target: eload.elf
 
arm-none-eabi-size  eload.elf 
arm-none-eabi-objdump -h -S eload.elf  > "eload.list"
   text	   data	    bss	    dec	    hex	filename
 238168	   1108	  15560	 254836	  3e374	eload.elf
Finished building: default.size.stdout
 
Finished building: eload.list
 
14:09:53 **** Incremental Build of configuration Debug for project eload ****
make -j16 all 
arm-none-eabi-size  eload.elf 
   text	   data	    bss	    dec	    hex	filename
 238168	   1108	  15560	 254836	  3e374	eload.elf
Finished building: default.size.stdout
 
15:03:03 **** Incremental Build of configuration Debug for project eload ****
make -j16 all 
arm-none-eabi-g++ "../Core/Src/menu2.cpp" -mcpu=cortex-m4 -std=gnu++14 -g3 -DDEBUG -DUSE_HAL_DRIVER -DSTM32F401xE -c -I../Core/Inc -I../Drivers/STM32F4xx_HAL_Driver/Inc -I../Drivers/STM32F4xx_HAL_Driver/Inc/Legacy -I../Drivers/CMSIS/Device/ST/STM32F4xx/Include -I../Drivers/CMSIS/Include -I../USB_DEVICE/App -I../USB_DEVICE/Target -I../Middlewares/ST/STM32_USB_Device_Library/Core/Inc -I../Middlewares/ST/STM32_USB_Device_Library/Class/CDC/Inc -O0 -ffunction-sections -fdata-sections -fno-rtti -fno-use-cxa-atexit -Wall -fstack-usage -fcyclomatic-complexity -MMD -MP -MF"Core/Src/menu2.d" -MT"Core/Src/menu2.o" --specs=nano.specs -mfpu=fpv4-sp-d16 -mfloat-abi=hard -mthumb -o "Core/Src/menu2.o"
In file included from ../Core/Inc/hw_interface.h:11,
                 from ../Core/Inc/menu2.h:13,
                 from ../Core/Src/menu2.cpp:8:
../Core/Inc/pid.h:93: warning: ignoring '#pragma diag_suppress ' [-Wunknown-pragmas]
   93 |         #pragma diag_suppress 177     /* Disable 'unused function' warning */
      | 
arm-none-eabi-g++ -o "eload.elf" @"objects.list"   -mcpu=cortex-m4 -T"D:\Projects\electronic_load\code\eload\STM32F401VDTX_FLASH.ld" --specs=nosys.specs -Wl,-Map="eload.map" -Wl,--gc-sections -static --specs=nano.specs -mfpu=fpv4-sp-d16 -mfloat-abi=hard -mthumb -u _printf_float -u _scanf_float -Wl,--start-group -lc -lm -lstdc++ -lsupc++ -Wl,--end-group
Finished building target: eload.elf
 
arm-none-eabi-size  eload.elf 
arm-none-eabi-objdump -h -S eload.elf  > "eload.list"
   text	   data	    bss	    dec	    hex	filename
 238168	   1108	  15560	 254836	  3e374	eload.elf
Finished building: default.size.stdout
 
Finished building: eload.list
 
15:07:09 **** Incremental Build of configuration Debug for project eload ****
make -j16 all 
arm-none-eabi-g++ "../Core/Src/hw_interface.cpp" -mcpu=cortex-m4 -std=gnu++14 -g3 -DDEBUG -DUSE_HAL_DRIVER -DSTM32F401xE -c -I../Core/Inc -I../Drivers/STM32F4xx_HAL_Driver/Inc -I../Drivers/STM32F4xx_HAL_Driver/Inc/Legacy -I../Drivers/CMSIS/Device/ST/STM32F4xx/Include -I../Drivers/CMSIS/Include -I../USB_DEVICE/App -I../USB_DEVICE/Target -I../Middlewares/ST/STM32_USB_Device_Library/Core/Inc -I../Middlewares/ST/STM32_USB_Device_Library/Class/CDC/Inc -O0 -ffunction-sections -fdata-sections -fno-rtti -fno-use-cxa-atexit -Wall -fstack-usage -fcyclomatic-complexity -MMD -MP -MF"Core/Src/hw_interface.d" -MT"Core/Src/hw_interface.o" --specs=nano.specs -mfpu=fpv4-sp-d16 -mfloat-abi=hard -mthumb -o "Core/Src/hw_interface.o"
[...]
      | 
arm-none-eabi-g++ -o "eload.elf" @"objects.list"   -mcpu=cortex-m4 -T"D:\Projects\electronic_load\code\eload\STM32F401VDTX_FLASH.ld" --specs=nosys.specs -Wl,-Map="eload.map" -Wl,--gc-sections -static --specs=nano.specs -mfpu=fpv4-sp-d16 -mfloat-abi=hard -mthumb -u _printf_float -u _scanf_float -Wl,--start-group -lc -lm -lstdc++ -lsupc++ -Wl,--end-group
Finished building target: eload.elf
 
arm-none-eabi-size  eload.elf 
arm-none-eabi-objdump -h -S eload.elf  > "eload.list"
   text	   data	    bss	    dec	    hex	filename
 236912	   1028	  15560	 253500	  3de3c	eload.elf
Finished building: default.size.stdout
 
Finished building: eload.list
 
14:04:57 **** Incremental Build of configuration Debug for project eload ****
make -j16 all 
arm-none-eabi-g++ "../Core/Src/hw_interface.cpp" -mcpu=cortex-m4 -std=gnu++14 -g3 -DDEBUG -DUSE_HAL_DRIVER -DSTM32F401xE -c -I../Core/Inc -I../Drivers/STM32F4xx_HAL_Driver/Inc -I../Drivers/STM32F4xx_HAL_Driver/Inc/Legacy -I../Drivers/CMSIS/Device/ST/STM32F4xx/Include -I../Drivers/CMSIS/Include -I../USB_DEVICE/App -I../USB_DEVICE/Target -I../Middlewares/ST/STM32_USB_Device_Library/Core/Inc -I../Middlewares/ST/STM32_USB_Device_Library/Class/CDC/Inc -O0 -ffunction-sections -fdata-sections -fno-rtti -fno-use-cxa-atexit -Wall -fstack-usage -fcyclomatic-complexity -MMD -MP -MF"Core/Src/hw_interface.d" -MT"Core/Src/hw_interface.o" --specs=nano.specs -mfpu=fpv4-sp-d16 -mfloat-abi=hard -mthumb -o "Core/Src/hw_interface.o"
In file included from ../Core/Inc/hw_Interface.h:11,
                 from ../Core/Src/hw_interface.cpp:8:
../Core/Inc/pid.h:93: warning: ignoring '#pragma diag_suppress ' [-Wunknown-pragmas]
   93 |         #pragma diag_suppress 177     /* Disable 'unused function' warning */
      | 
arm-none-eabi-g++ -o "eload.elf" @"objects.list"   -mcpu=cortex-m4 -T"D:\Projects\electronic_load\code\eload\STM32F401VDTX_FLASH.ld" --specs=nosys.specs -Wl,-Map="eload.map" -Wl,--gc-sections -static --specs=nano.specs -mfpu=fpv4-sp-d16 -mfloat-abi=hard -mthumb -u _printf_float -u _scanf_float -Wl,--start-group -lc -lm -lstdc++ -lsupc++ -Wl,--end-group
Finished building target: eload.elf
 
arm-none-eabi-size  eload.elf 
arm-none-eabi-objdump -h -S eload.elf  > "eload.list"
   text	   data	    bss	    dec	    hex	filename
 236912	   1028	  15560	 253500	  3de3c	eload.elf
Finished building: default.size.stdout
 
Finished building: eload.list
 
14:07:12 **** Incremental Build of configuration Debug for project eload ****
make -j16 all 
arm-none-eabi-g++ "../Core/Src/hw_interface.cpp" -mcpu=cortex-m4 -std=gnu++14 -g3 -DDEBUG -DUSE_HAL_DRIVER -DSTM32F401xE -c -I../Core/Inc -I../Drivers/STM32F4xx_HAL_Driver/Inc -I../Drivers/STM32F4xx_HAL_Driver/Inc/Legacy -I../Drivers/CMSIS/Device/ST/STM32F4xx/Include -I../Drivers/CMSIS/Include -I../USB_DEVICE/App -I../USB_DEVICE/Target -I../Middlewares/ST/STM32_USB_Device_Library/Core/Inc -I../Middlewares/ST/STM32_USB_Device_Library/Class/CDC/Inc -O0 -ffunction-sections -fdata-sections -fno-rtti -fno-use-cxa-atexit -Wall -fstack-usage -fcyclomatic-complexity -MMD -MP -MF"Core/Src/hw_interface.d" -MT"Core/Src/hw_interface.o" --specs=nano.specs -mfpu=fpv4-sp-d16 -mfloat-abi=hard -mthumb -o "Core/Src/hw_interface.o"
In file included from ../Core/Inc/hw_Interface.h:11,
                 from ../Core/Src/hw_interface.cpp:8:
../Core/Inc/pid.h:93: warning: ignoring '#pragma diag_suppress ' [-Wunknown-pragmas]
   93 |         #pragma diag_suppress 177     /* Disable 'unused function' warning */
      | 
arm-none-eabi-g++ -o "eload.elf" @"objects.list"   -mcpu=cortex-m4 -T"D:\Projects\electronic_load\code\eload\STM32F401VDTX_FLASH.ld" --specs=nosys.specs -Wl,-Map="eload.map" -Wl,--gc-sections -static --specs=nano.specs -mfpu=fpv4-sp-d16 -mfloat-abi=hard -mthumb -u _printf_float -u _scanf_float -Wl,--start-group -lc -lm -lstdc++ -lsupc++ -Wl,--end-group
Finished building target: eload.elf
 
arm-none-eabi-size  eload.elf 
arm-none-eabi-objdump -h -S eload.elf  > "eload.list"
   text	   data	    bss	    dec	    hex	filename
 236912	   1028	  15560	 253500	  3de3c	eload.elf
Finished building: default.size.stdout
 
Finished building: eload.list
 
14:09:55 **** Incremental Build of configuration Debug for project eload ****
make -j16 all 
arm-none-eabi-g++ "../Core/Src/hw_interface.cpp" -mcpu=cortex-m4 -std=gnu++14 -g3 -DDEBUG -DUSE_HAL_DRIVER -DSTM32F401xE -c -I../Core/Inc -I../Drivers/STM32F4xx_HAL_Driver/Inc -I../Drivers/STM32F4xx_HAL_Driver/Inc/Legacy -I../Drivers/CMSIS/Device/ST/STM32F4xx/Include -I../Drivers/CMSIS/Include -I../USB_DEVICE/App -I../USB_DEVICE/Target -I../Middlewares/ST/STM32_USB_Device_Library/Core/Inc -I../Middlewares/ST/STM32_USB_Device_Library/Class/CDC/Inc -O0 -ffunction-sections -fdata-sections -fno-rtti -fno-use-cxa-atexit -Wall -fstack-usage -fcyclomatic-complexity -MMD -MP -MF"Core/Src/hw_interface.d" -MT"Core/Src/hw_interface.o" --specs=nano.specs -mfpu=fpv4-sp-d16 -mfloat-abi=hard -mthumb -o "Core/Src/hw_interface.o"
In file included from ../Core/Inc/hw_Interface.h:11,
                 from ../Core/Src/hw_interface.cpp:8:
../Core/Inc/pid.h:93: warning: ignoring '#pragma diag_suppress ' [-Wunknown-pragmas]
   93 |         #pragma diag_suppress 177     /* Disable 'unused function' warning */
      | 
arm-none-eabi-g++ -o "eload.elf" @"objects.list"   -mcpu=cortex-m4 -T"D:\Projects\electronic_load\code\eload\STM32F401VDTX_FLASH.ld" --specs=nosys.specs -Wl,-Map="eload.map" -Wl,--gc-sections -static --specs=nano.specs -mfpu=fpv4-sp-d16 -mfloat-abi=hard -mthumb -u _printf_float -u _scanf_float -Wl,--start-group -lc -lm -lstdc++ -lsupc++ -Wl,--end-group
Finished building target: eload.elf
 
arm-none-eabi-size  eload.elf 
arm-none-eabi-objdump -h -S eload.elf  > "eload.list"
   text	   data	    bss	    dec	    hex	filename
 236912	   1028	  15560	 253500	  3de3c	eload.elf
Finished building: default.size.stdout
 
Finished building: eload.list
 
14:12:33 **** Incremental Build of configuration Debug for project eload ****
make -j16 all 
arm-none-eabi-g++ "../Core/Src/hw_interface.cpp" -mcpu=cortex-m4 -std=gnu++14 -g3 -DDEBUG -DUSE_HAL_DRIVER -DSTM32F401xE -c -I../Core/Inc -I../Drivers/STM32F4xx_HAL_Driver/Inc -I../Drivers/STM32F4xx_HAL_Driver/Inc/Legacy -I../Drivers/CMSIS/Device/ST/STM32F4xx/Include -I../Drivers/CMSIS/Include -I../USB_DEVICE/App -I../USB_DEVICE/Target -I../Middlewares/ST/STM32_USB_Device_Library/Core/Inc -I../Middlewares/ST/STM32_USB_Device_Library/Class/CDC/Inc -O0 -ffunction-sections -fdata-sections -fno-rtti -fno-use-cxa-atexit -Wall -fstack-usage -fcyclomatic-complexity -MMD -MP -MF"Core/Src/hw_interface.d" -MT"Core/Src/hw_interface.o" --specs=nano.specs -mfpu=fpv4-sp-d16 -mfloat-abi=hard -mthumb -o "Core/Src/hw_interface.o"
In file included from ../Core/Inc/hw_Interface.h:11,
                 from ../Core/Src/hw_interface.cpp:8:
../Core/Inc/pid.h:93: warning: ignoring '#pragma diag_suppress ' [-Wunknown-pragmas]
   93 |         #pragma diag_suppress 177     /* Disable 'unused function' warning */
      | 
arm-none-eabi-g++ -o "eload.elf" @"objects.list"   -mcpu=cortex-m4 -T"D:\Projects\electronic_load\code\eload\STM32F401VDTX_FLASH.ld" --specs=nosys.specs -Wl,-Map="eload.map" -Wl,--gc-sections -static --specs=nano.specs -mfpu=fpv4-sp-d16 -mfloat-abi=hard -mthumb -u _printf_float -u _scanf_float -Wl,--start-group -lc -lm -lstdc++ -lsupc++ -Wl,--end-group
Finished building target: eload.elf
 
arm-none-eabi-size  eload.elf 
arm-none-eabi-objdump -h -S eload.elf  > "eload.list"
   text	   data	    bss	    dec	    hex	filename
 236912	   1028	  15560	 253500	  3de3c	eload.elf
Finished building: default.size.stdout
 
Finished building: eload.list
 
14:14:38 **** Incremental Build of configuration Debug for project eload ****
make -j16 all 
arm-none-eabi-g++ "../Core/Src/hw_interface.cpp" -mcpu=cortex-m4 -std=gnu++14 -g3 -DDEBUG -DUSE_HAL_DRIVER -DSTM32F401xE -c -I../Core/Inc -I../Drivers/STM32F4xx_HAL_Driver/Inc -I../Drivers/STM32F4xx_HAL_Driver/Inc/Legacy -I../Drivers/CMSIS/Device/ST/STM32F4xx/Include -I../Drivers/CMSIS/Include -I../USB_DEVICE/App -I../USB_DEVICE/Target -I../Middlewares/ST/STM32_USB_Device_Library/Core/Inc -I../Middlewares/ST/STM32_USB_Device_Library/Class/CDC/Inc -O0 -ffunction-sections -fdata-sections -fno-rtti -fno-use-cxa-atexit -Wall -fstack-usage -fcyclomatic-complexity -MMD -MP -MF"Core/Src/hw_interface.d" -MT"Core/Src/hw_interface.o" --specs=nano.specs -mfpu=fpv4-sp-d16 -mfloat-abi=hard -mthumb -o "Core/Src/hw_interface.o"
In file included from ../Core/Inc/hw_Interface.h:11,
                 from ../Core/Src/hw_interface.cpp:8:
../Core/Inc/pid.h:93: warning: ignoring '#pragma diag_suppress ' [-Wunknown-pragmas]
   93 |         #pragma diag_suppress 177     /* Disable 'unused function' warning */
      | 
arm-none-eabi-g++ -o "eload.elf" @"objects.list"   -mcpu=cortex-m4 -T"D:\Projects\electronic_load\code\eload\STM32F401VDTX_FLASH.ld" --specs=nosys.specs -Wl,-Map="eload.map" -Wl,--gc-sections -static --specs=nano.specs -mfpu=fpv4-sp-d16 -mfloat-abi=hard -mthumb -u _printf_float -u _scanf_float -Wl,--start-group -lc -lm -lstdc++ -lsupc++ -Wl,--end-group
Finished building target: eload.elf
 
arm-none-eabi-size  eload.elf 
arm-none-eabi-objdump -h -S eload.elf  > "eload.list"
   text	   data	    bss	    dec	    hex	filename
 236912	   1028	  15560	 253500	  3de3c	eload.elf
Finished building: default.size.stdout
 
Finished building: eload.list
 
14:16:55 **** Incremental Build of configuration Debug for project eload ****
make -j16 all 
arm-none-eabi-g++ "../Core/Src/hw_interface.cpp" -mcpu=cortex-m4 -std=gnu++14 -g3 -DDEBUG -DUSE_HAL_DRIVER -DSTM32F401xE -c -I../Core/Inc -I../Drivers/STM32F4xx_HAL_Driver/Inc -I../Drivers/STM32F4xx_HAL_Driver/Inc/Legacy -I../Drivers/CMSIS/Device/ST/STM32F4xx/Include -I../Drivers/CMSIS/Include -I../USB_DEVICE/App -I../USB_DEVICE/Target -I../Middlewares/ST/STM32_USB_Device_Library/Core/Inc -I../Middlewares/ST/STM32_USB_Device_Library/Class/CDC/Inc -O0 -ffunction-sections -fdata-sections -fno-rtti -fno-use-cxa-atexit -Wall -fstack-usage -fcyclomatic-complexity -MMD -MP -MF"Core/Src/hw_interface.d" -MT"Core/Src/hw_interface.o" --specs=nano.specs -mfpu=fpv4-sp-d16 -mfloat-abi=hard -mthumb -o "Core/Src/hw_interface.o"
In file included from ../Core/Inc/hw_Interface.h:11,
                 from ../Core/Src/hw_interface.cpp:8:
../Core/Inc/pid.h:93: warning: ignoring '#pragma diag_suppress ' [-Wunknown-pragmas]
   93 |         #pragma diag_suppress 177     /* Disable 'unused function' warning */
      | 
arm-none-eabi-g++ -o "eload.elf" @"objects.list"   -mcpu=cortex-m4 -T"D:\Projects\electronic_load\code\eload\STM32F401VDTX_FLASH.ld" --specs=nosys.specs -Wl,-Map="eload.map" -Wl,--gc-sections -static --specs=nano.specs -mfpu=fpv4-sp-d16 -mfloat-abi=hard -mthumb -u _printf_float -u _scanf_float -Wl,--start-group -lc -lm -lstdc++ -lsupc++ -Wl,--end-group
Finished building target: eload.elf
 
arm-none-eabi-size  eload.elf 
arm-none-eabi-objdump -h -S eload.elf  > "eload.list"
   text	   data	    bss	    dec	    hex	filename
 236912	   1028	  15560	 253500	  3de3c	eload.elf
Finished building: default.size.stdout
 
Finished building: eload.list
 
14:19:08 **** Incremental Build of configuration Debug for project eload ****
make -j16 all 
arm-none-eabi-g++ "../Core/Src/hw_interface.cpp" -mcpu=cortex-m4 -std=gnu++14 -g3 -DDEBUG -DUSE_HAL_DRIVER -DSTM32F401xE -c -I../Core/Inc -I../Drivers/STM32F4xx_HAL_Driver/Inc -I../Drivers/STM32F4xx_HAL_Driver/Inc/Legacy -I../Drivers/CMSIS/Device/ST/STM32F4xx/Include -I../Drivers/CMSIS/Include -I../USB_DEVICE/App -I../USB_DEVICE/Target -I../Middlewares/ST/STM32_USB_Device_Library/Core/Inc -I../Middlewares/ST/STM32_USB_Device_Library/Class/CDC/Inc -O0 -ffunction-sections -fdata-sections -fno-rtti -fno-use-cxa-atexit -Wall -fstack-usage -fcyclomatic-complexity -MMD -MP -MF"Core/Src/hw_interface.d" -MT"Core/Src/hw_interface.o" --specs=nano.specs -mfpu=fpv4-sp-d16 -mfloat-abi=hard -mthumb -o "Core/Src/hw_interface.o"
In file included from ../Core/Inc/hw_Interface.h:11,
                 from ../Core/Src/hw_interface.cpp:8:
../Core/Inc/pid.h:93: warning: ignoring '#pragma diag_suppress ' [-Wunknown-pragmas]
   93 |         #pragma diag_suppress 177     /* Disable 'unused function' warning */
      | 
arm-none-eabi-g++ -o "eload.elf" @"objects.list"   -mcpu=cortex-m4 -T"D:\Projects\electronic_load\code\eload\STM32F401VDTX_FLASH.ld" --specs=nosys.specs -Wl,-Map="eload.map" -Wl,--gc-sections -static --specs=nano.specs -mfpu=fpv4-sp-d16 -mfloat-abi=hard -mthumb -u _printf_float -u _scanf_float -Wl,--start-group -lc -lm -lstdc++ -lsupc++ -Wl,--end-group
Finished building target: eload.elf
 
arm-none-eabi-size  eload.elf 
arm-none-eabi-objdump -h -S eload.elf  > "eload.list"
   text	   data	    bss	    dec	    hex	filename
 236912	   1028	  15560	 253500	  3de3c	eload.elf
Finished building: default.size.stdout
 
Finished building: eload.list
 
14:21:26 **** Incremental Build of configuration Debug for project eload ****
make -j16 all 
arm-none-eabi-g++ "../Core/Src/hw_interface.cpp" -mcpu=cortex-m4 -std=gnu++14 -g3 -DDEBUG -DUSE_HAL_DRIVER -DSTM32F401xE -c -I../Core/Inc -I../Drivers/STM32F4xx_HAL_Driver/Inc -I../Drivers/STM32F4xx_HAL_Driver/Inc/Legacy -I../Drivers/CMSIS/Device/ST/STM32F4xx/Include -I../Drivers/CMSIS/Include -I../USB_DEVICE/App -I../USB_DEVICE/Target -I../Middlewares/ST/STM32_USB_Device_Library/Core/Inc -I../Middlewares/ST/STM32_USB_Device_Library/Class/CDC/Inc -O0 -ffunction-sections -fdata-sections -fno-rtti -fno-use-cxa-atexit -Wall -fstack-usage -fcyclomatic-complexity -MMD -MP -MF"Core/Src/hw_interface.d" -MT"Core/Src/hw_interface.o" --specs=nano.specs -mfpu=fpv4-sp-d16 -mfloat-abi=hard -mthumb -o "Core/Src/hw_interface.o"
In file included from ../Core/Inc/hw_Interface.h:11,
                 from ../Core/Src/hw_interface.cpp:8:
../Core/Inc/pid.h:93: warning: ignoring '#pragma diag_suppress ' [-Wunknown-pragmas]
   93 |         #pragma diag_suppress 177     /* Disable 'unused function' warning */
      | 
arm-none-eabi-g++ -o "eload.elf" @"objects.list"   -mcpu=cortex-m4 -T"D:\Projects\electronic_load\code\eload\STM32F401VDTX_FLASH.ld" --specs=nosys.specs -Wl,-Map="eload.map" -Wl,--gc-sections -static --specs=nano.specs -mfpu=fpv4-sp-d16 -mfloat-abi=hard -mthumb -u _printf_float -u _scanf_float -Wl,--start-group -lc -lm -lstdc++ -lsupc++ -Wl,--end-group
Finished building target: eload.elf
 
arm-none-eabi-size  eload.elf 
arm-none-eabi-objdump -h -S eload.elf  > "eload.list"
   text	   data	    bss	    dec	    hex	filename
 236912	   1028	  15560	 253500	  3de3c	eload.elf
Finished building: default.size.stdout
 
Finished building: eload.list
 
14:26:15 **** Incremental Build of configuration Debug for project eload ****
make -j16 all 
arm-none-eabi-g++ "../Core/Src/hw_interface.cpp" -mcpu=cortex-m4 -std=gnu++14 -g3 -DDEBUG -DUSE_HAL_DRIVER -DSTM32F401xE -c -I../Core/Inc -I../Drivers/STM32F4xx_HAL_Driver/Inc -I../Drivers/STM32F4xx_HAL_Driver/Inc/Legacy -I../Drivers/CMSIS/Device/ST/STM32F4xx/Include -I../Drivers/CMSIS/Include -I../USB_DEVICE/App -I../USB_DEVICE/Target -I../Middlewares/ST/STM32_USB_Device_Library/Core/Inc -I../Middlewares/ST/STM32_USB_Device_Library/Class/CDC/Inc -O0 -ffunction-sections -fdata-sections -fno-rtti -fno-use-cxa-atexit -Wall -fstack-usage -fcyclomatic-complexity -MMD -MP -MF"Core/Src/hw_interface.d" -MT"Core/Src/hw_interface.o" --specs=nano.specs -mfpu=fpv4-sp-d16 -mfloat-abi=hard -mthumb -o "Core/Src/hw_interface.o"
In file included from ../Core/Inc/hw_Interface.h:11,
                 from ../Core/Src/hw_interface.cpp:8:
../Core/Inc/pid.h:93: warning: ignoring '#pragma diag_suppress ' [-Wunknown-pragmas]
   93 |         #pragma diag_suppress 177     /* Disable 'unused function' warning */
      | 
arm-none-eabi-g++ -o "eload.elf" @"objects.list"   -mcpu=cortex-m4 -T"D:\Projects\electronic_load\code\eload\STM32F401VDTX_FLASH.ld" --specs=nosys.specs -Wl,-Map="eload.map" -Wl,--gc-sections -static --specs=nano.specs -mfpu=fpv4-sp-d16 -mfloat-abi=hard -mthumb -u _printf_float -u _scanf_float -Wl,--start-group -lc -lm -lstdc++ -lsupc++ -Wl,--end-group
Finished building target: eload.elf
 
arm-none-eabi-size  eload.elf 
arm-none-eabi-objdump -h -S eload.elf  > "eload.list"
   text	   data	    bss	    dec	    hex	filename
 236912	   1028	  15560	 253500	  3de3c	eload.elf
Finished building: default.size.stdout
 
Finished building: eload.list
 
14:28:30 **** Incremental Build of configuration Debug for project eload ****
make -j16 all 
arm-none-eabi-g++ "../Core/Src/hw_interface.cpp" -mcpu=cortex-m4 -std=gnu++14 -g3 -DDEBUG -DUSE_HAL_DRIVER -DSTM32F401xE -c -I../Core/Inc -I../Drivers/STM32F4xx_HAL_Driver/Inc -I../Drivers/STM32F4xx_HAL_Driver/Inc/Legacy -I../Drivers/CMSIS/Device/ST/STM32F4xx/Include -I../Drivers/CMSIS/Include -I../USB_DEVICE/App -I../USB_DEVICE/Target -I../Middlewares/ST/STM32_USB_Device_Library/Core/Inc -I../Middlewares/ST/STM32_USB_Device_Library/Class/CDC/Inc -O0 -ffunction-sections -fdata-sections -fno-rtti -fno-use-cxa-atexit -Wall -fstack-usage -fcyclomatic-complexity -MMD -MP -MF"Core/Src/hw_interface.d" -MT"Core/Src/hw_interface.o" --specs=nano.specs -mfpu=fpv4-sp-d16 -mfloat-abi=hard -mthumb -o "Core/Src/hw_interface.o"
In file included from ../Core/Inc/hw_Interface.h:11,
                 from ../Core/Src/hw_interface.cpp:8:
../Core/Inc/pid.h:93: warning: ignoring '#pragma diag_suppress ' [-Wunknown-pragmas]
   93 |         #pragma diag_suppress 177     /* Disable 'unused function' warning */
      | 
arm-none-eabi-g++ -o "eload.elf" @"objects.list"   -mcpu=cortex-m4 -T"D:\Projects\electronic_load\code\eload\STM32F401VDTX_FLASH.ld" --specs=nosys.specs -Wl,-Map="eload.map" -Wl,--gc-sections -static --specs=nano.specs -mfpu=fpv4-sp-d16 -mfloat-abi=hard -mthumb -u _printf_float -u _scanf_float -Wl,--start-group -lc -lm -lstdc++ -lsupc++ -Wl,--end-group
Finished building target: eload.elf
 
arm-none-eabi-size  eload.elf 
arm-none-eabi-objdump -h -S eload.elf  > "eload.list"
   text	   data	    bss	    dec	    hex	filename
 236912	   1028	  15560	 253500	  3de3c	eload.elf
Finished building: default.size.stdout
 
Finished building: eload.list
 
14:31:18 **** Incremental Build of configuration Debug for project eload ****
make -j16 all 
arm-none-eabi-g++ "../Core/Src/hw_interface.cpp" -mcpu=cortex-m4 -std=gnu++14 -g3 -DDEBUG -DUSE_HAL_DRIVER -DSTM32F401xE -c -I../Core/Inc -I../Drivers/STM32F4xx_HAL_Driver/Inc -I../Drivers/STM32F4xx_HAL_Driver/Inc/Legacy -I../Drivers/CMSIS/Device/ST/STM32F4xx/Include -I../Drivers/CMSIS/Include -I../USB_DEVICE/App -I../USB_DEVICE/Target -I../Middlewares/ST/STM32_USB_Device_Library/Core/Inc -I../Middlewares/ST/STM32_USB_Device_Library/Class/CDC/Inc -O0 -ffunction-sections -fdata-sections -fno-rtti -fno-use-cxa-atexit -Wall -fstack-usage -fcyclomatic-complexity -MMD -MP -MF"Core/Src/hw_interface.d" -MT"Core/Src/hw_interface.o" --specs=nano.specs -mfpu=fpv4-sp-d16 -mfloat-abi=hard -mthumb -o "Core/Src/hw_interface.o"
In file included from ../Core/Inc/hw_Interface.h:11,
                 from ../Core/Src/hw_interface.cpp:8:
../Core/Inc/pid.h:93: warning: ignoring '#pragma diag_suppress ' [-Wunknown-pragmas]
   93 |         #pragma diag_suppress 177     /* Disable 'unused function' warning */
      | 
arm-none-eabi-g++ -o "eload.elf" @"objects.list"   -mcpu=cortex-m4 -T"D:\Projects\electronic_load\code\eload\STM32F401VDTX_FLASH.ld" --specs=nosys.specs -Wl,-Map="eload.map" -Wl,--gc-sections -static --specs=nano.specs -mfpu=fpv4-sp-d16 -mfloat-abi=hard -mthumb -u _printf_float -u _scanf_float -Wl,--start-group -lc -lm -lstdc++ -lsupc++ -Wl,--end-group
Finished building target: eload.elf
 
arm-none-eabi-size  eload.elf 
arm-none-eabi-objdump -h -S eload.elf  > "eload.list"
   text	   data	    bss	    dec	    hex	filename
 236912	   1028	  15560	 253500	  3de3c	eload.elf
Finished building: default.size.stdout
 
Finished building: eload.list
 
